Component: ARM Compiler 5.06 update 6 (build 750) Tool: armlink [4d35ed]

==============================================================================

Section Cross References

    main.o(i.BFTM_Configuration) refers to uidiv.o(.text) for __aeabi_uidivmod
    main.o(i.BFTM_Configuration) refers to ht32f520xx_bftm.o(i.BFTM_SetCompare) for BFTM_SetCompare
    main.o(i.BFTM_Configuration) refers to ht32f520xx_bftm.o(i.BFTM_SetCounter) for BFTM_SetCounter
    main.o(i.BFTM_Configuration) refers to ht32f520xx_bftm.o(i.BFTM_IntConfig) for BFTM_IntConfig
    main.o(i.BFTM_Configuration) refers to ht32f520xx_bftm.o(i.BFTM_OneShotModeCmd) for BFTM_OneShotModeCmd
    main.o(i.BFTM_Configuration) refers to ht32f520xx_bftm.o(i.BFTM_EnaCmd) for BFTM_EnaCmd
    main.o(i.BFTM_Configuration) refers to system_ht32f520xx_02.o(.data) for SystemCoreClock
    main.o(i.CKCU_Configuration) refers to ht32f520xx_ckcu.o(i.CKCU_PeripClockConfig) for CKCU_PeripClockConfig
    main.o(i.main) refers to ht32_retarget.o(i.RETARGET_Configuration) for RETARGET_Configuration
    main.o(i.main) refers to ht32f520xx_usart.o(i.USART_TXRXTLConfig) for USART_TXRXTLConfig
    main.o(i.main) refers to ht32f520xx_usart.o(i.USART_IntConfig) for USART_IntConfig
    main.o(i.main) refers to main.o(i.CKCU_Configuration) for CKCU_Configuration
    main.o(i.main) refers to main.o(i.BFTM_Configuration) for BFTM_Configuration
    main.o(i.main) refers to i2c_eeprom.o(i.I2C_EEPROM_Init) for I2C_EEPROM_Init
    main.o(i.main) refers to ht32f520xx_i2c.o(i.I2C_Cmd) for I2C_Cmd
    main.o(i.main) refers to printf8.o(i.__0printf$8) for __2printf
    main.o(i.main) refers to main.o(i.print_EEROM_data) for print_EEROM_data
    main.o(i.main) refers to ht32f520xx_bftm.o(i.BFTM_GetFlagStatus) for BFTM_GetFlagStatus
    main.o(i.main) refers to ht32f520xx_bftm.o(i.BFTM_ClearFlag) for BFTM_ClearFlag
    main.o(i.main) refers to ht32f520xx_bftm.o(i.BFTM_EnaCmd) for BFTM_EnaCmd
    main.o(i.main) refers to main.o(.conststring) for .conststring
    main.o(i.main) refers to main.o(.data) for .data
    main.o(i.main) refers to main.o(.bss) for .bss
    main.o(i.print_EEROM_data) refers to i2c_eeprom.o(i.I2C_EEPROM_BufferRead) for I2C_EEPROM_BufferRead
    main.o(i.print_EEROM_data) refers to printf8.o(i.__0printf$8) for __2printf
    main.o(i.print_EEROM_data) refers to main.o(.bss) for .bss
    ht32f520xx_01_it.o(i.UART1_IRQHandler) refers to ht32f520xx_usart.o(i.USART_ReceiveData) for USART_ReceiveData
    ht32f520xx_01_it.o(i.UART1_IRQHandler) refers to ht32f520xx_bftm.o(i.BFTM_ClearFlag) for BFTM_ClearFlag
    ht32f520xx_01_it.o(i.UART1_IRQHandler) refers to ht32f520xx_bftm.o(i.BFTM_SetCounter) for BFTM_SetCounter
    ht32f520xx_01_it.o(i.UART1_IRQHandler) refers to ht32f520xx_bftm.o(i.BFTM_EnaCmd) for BFTM_EnaCmd
    ht32f520xx_01_it.o(i.UART1_IRQHandler) refers to printf8.o(i.__0printf$8) for __2printf
    ht32f520xx_01_it.o(i.UART1_IRQHandler) refers to ht32f520xx_usart.o(i.USART_GetFlagStatus) for USART_GetFlagStatus
    ht32f520xx_01_it.o(i.UART1_IRQHandler) refers to ht32f520xx_01_it.o(.data) for .data
    ht32f520xx_01_it.o(i.UART1_IRQHandler) refers to main.o(.data) for serialHeadF
    ht32f520xx_01_it.o(i.UART1_IRQHandler) refers to main.o(.bss) for serial_eerom_wBuffer
    system_ht32f520xx_02.o(i.SystemCoreClockUpdate) refers to system_ht32f520xx_02.o(.data) for .data
    startup_ht32f520xx_01.o(RESET) refers to startup_ht32f520xx_01.o(STACK) for __initial_sp
    startup_ht32f520xx_01.o(RESET) refers to ht32f520xx_01_it.o(i.NMI_Handler) for NMI_Handler
    startup_ht32f520xx_01.o(RESET) refers to ht32f520xx_01_it.o(i.HardFault_Handler) for HardFault_Handler
    startup_ht32f520xx_01.o(RESET) refers to ht32f520xx_01_it.o(i.SVC_Handler) for SVC_Handler
    startup_ht32f520xx_01.o(RESET) refers to ht32f520xx_01_it.o(i.PendSV_Handler) for PendSV_Handler
    startup_ht32f520xx_01.o(RESET) refers to ht32f520xx_01_it.o(i.SysTick_Handler) for SysTick_Handler
    startup_ht32f520xx_01.o(RESET) refers to ht32f520xx_01_it.o(i.UART1_IRQHandler) for UART1_IRQHandler
    startup_ht32f520xx_01.o(RESET) refers to system_ht32f520xx_02.o(i.SystemInit) for SystemInit
    startup_ht32f520xx_01.o(RESET) refers to entry.o(.ARM.Collect$$$$00000000) for __main
    ht32_cm0plus_misc.o(i.DIV32_Init) refers to ht32_cm0plus_misc.o(.data) for .data
    ht32_cm0plus_misc.o(i.Rand_Init) refers to ht32_cm0plus_misc.o(.constdata) for .constdata
    ht32_cm0plus_misc.o(i.Rand_Init) refers to ht32_cm0plus_misc.o(.data) for .data
    ht32f520xx_adc.o(i.ADC_DeInit) refers to ht32f520xx_rstcu.o(i.RSTCU_PeripReset) for RSTCU_PeripReset
    ht32f520xx_bftm.o(i.BFTM_DeInit) refers to ht32f520xx_rstcu.o(i.RSTCU_PeripReset) for RSTCU_PeripReset
    ht32f520xx_ckcu.o(i.CKCU_DeInit) refers to ht32f520xx_ckcu.o(i.CKCU_HSICmd) for CKCU_HSICmd
[...]
    printf1.o(i.__0vprintf$1) refers to ht32_retarget.o(.data) for __stdout
    printf1.o(i.__0vsnprintf$1) refers to printf1.o(i._printf_core) for _printf_core
    printf1.o(i.__0vsnprintf$1) refers to printf1.o(i._snputc) for _snputc
    printf1.o(i.__0vsprintf$1) refers to printf1.o(i._printf_core) for _printf_core
    printf1.o(i.__0vsprintf$1) refers to printf1.o(i._sputc) for _sputc
    printf1.o(i._printf_core) refers to uidiv.o(.text) for __aeabi_uidivmod
    printf2.o(i.__0fprintf$2) refers to printf2.o(i._printf_core) for _printf_core
    printf2.o(i.__0fprintf$2) refers to ht32_retarget.o(i.fputc) for fputc
    printf2.o(i.__0printf$2) refers to printf2.o(i._printf_core) for _printf_core
    printf2.o(i.__0printf$2) refers to ht32_retarget.o(i.fputc) for fputc
    printf2.o(i.__0printf$2) refers to ht32_retarget.o(.data) for __stdout
    printf2.o(i.__0snprintf$2) refers to printf2.o(i._printf_core) for _printf_core
    printf2.o(i.__0snprintf$2) refers to printf2.o(i._snputc) for _snputc
    printf2.o(i.__0sprintf$2) refers to printf2.o(i._printf_core) for _printf_core
    printf2.o(i.__0sprintf$2) refers to printf2.o(i._sputc) for _sputc
    printf2.o(i.__0vfprintf$2) refers to printf2.o(i._printf_core) for _printf_core
    printf2.o(i.__0vfprintf$2) refers to ht32_retarget.o(i.fputc) for fputc
    printf2.o(i.__0vprintf$2) refers to printf2.o(i._printf_core) for _printf_core
    printf2.o(i.__0vprintf$2) refers to ht32_retarget.o(i.fputc) for fputc
    printf2.o(i.__0vprintf$2) refers to ht32_retarget.o(.data) for __stdout
    printf2.o(i.__0vsnprintf$2) refers to printf2.o(i._printf_core) for _printf_core
    printf2.o(i.__0vsnprintf$2) refers to printf2.o(i._snputc) for _snputc
    printf2.o(i.__0vsprintf$2) refers to printf2.o(i._printf_core) for _printf_core
    printf2.o(i.__0vsprintf$2) refers to printf2.o(i._sputc) for _sputc
    printf3.o(i.__0fprintf$3) refers to printf3.o(i._printf_core) for _printf_core
    printf3.o(i.__0fprintf$3) refers to ht32_retarget.o(i.fputc) for fputc
    printf3.o(i.__0printf$3) refers to printf3.o(i._printf_core) for _printf_core
    printf3.o(i.__0printf$3) refers to ht32_retarget.o(i.fputc) for fputc
    printf3.o(i.__0printf$3) refers to ht32_retarget.o(.data) for __stdout
    printf3.o(i.__0snprintf$3) refers to printf3.o(i._printf_core) for _printf_core
    printf3.o(i.__0snprintf$3) refers to printf3.o(i._snputc) for _snputc
    printf3.o(i.__0sprintf$3) refers to printf3.o(i._printf_core) for _printf_core
    printf3.o(i.__0sprintf$3) refers to printf3.o(i._sputc) for _sputc
    printf3.o(i.__0vfprintf$3) refers to printf3.o(i._printf_core) for _printf_core
    printf3.o(i.__0vfprintf$3) refers to ht32_retarget.o(i.fputc) for fputc
    printf3.o(i.__0vprintf$3) refers to printf3.o(i._printf_core) for _printf_core
    printf3.o(i.__0vprintf$3) refers to ht32_retarget.o(i.fputc) for fputc
    printf3.o(i.__0vprintf$3) refers to ht32_retarget.o(.data) for __stdout
    printf3.o(i.__0vsnprintf$3) refers to printf3.o(i._printf_core) for _printf_core
    printf3.o(i.__0vsnprintf$3) refers to printf3.o(i._snputc) for _snputc
    printf3.o(i.__0vsprintf$3) refers to printf3.o(i._printf_core) for _printf_core
    printf3.o(i.__0vsprintf$3) refers to printf3.o(i._sputc) for _sputc
    printf3.o(i._printf_core) refers to uidiv.o(.text) for __aeabi_uidivmod
    printf4.o(i.__0fprintf$4) refers to printf4.o(i._printf_core) for _printf_core
    printf4.o(i.__0fprintf$4) refers to ht32_retarget.o(i.fputc) for fputc
    printf4.o(i.__0printf$4) refers to printf4.o(i._printf_core) for _printf_core
    printf4.o(i.__0printf$4) refers to ht32_retarget.o(i.fputc) for fputc
    printf4.o(i.__0printf$4) refers to ht32_retarget.o(.data) for __stdout
    printf4.o(i.__0snprintf$4) refers to printf4.o(i._printf_core) for _printf_core
    printf4.o(i.__0snprintf$4) refers to printf4.o(i._snputc) for _snputc
    printf4.o(i.__0sprintf$4) refers to printf4.o(i._printf_core) for _printf_core
    printf4.o(i.__0sprintf$4) refers to printf4.o(i._sputc) for _sputc
    printf4.o(i.__0vfprintf$4) refers to printf4.o(i._printf_core) for _printf_core
    printf4.o(i.__0vfprintf$4) refers to ht32_retarget.o(i.fputc) for fputc
    printf4.o(i.__0vprintf$4) refers to printf4.o(i._printf_core) for _printf_core
    printf4.o(i.__0vprintf$4) refers to ht32_retarget.o(i.fputc) for fputc
    printf4.o(i.__0vprintf$4) refers to ht32_retarget.o(.data) for __stdout
    printf4.o(i.__0vsnprintf$4) refers to printf4.o(i._printf_core) for _printf_core
    printf4.o(i.__0vsnprintf$4) refers to printf4.o(i._snputc) for _snputc
    printf4.o(i.__0vsprintf$4) refers to printf4.o(i._printf_core) for _printf_core
    printf4.o(i.__0vsprintf$4) refers to printf4.o(i._sputc) for _sputc
    printf4.o(i._printf_core) refers to uldiv.o(.text) for __aeabi_uldivmod
    printf5.o(i.__0fprintf$5) refers to printf5.o(i._printf_core) for _printf_core
    printf5.o(i.__0fprintf$5) refers to ht32_retarget.o(i.fputc) for fputc
    printf5.o(i.__0printf$5) refers to printf5.o(i._printf_core) for _printf_core
    printf5.o(i.__0printf$5) refers to ht32_retarget.o(i.fputc) for fputc
    printf5.o(i.__0printf$5) refers to ht32_retarget.o(.data) for __stdout
    printf5.o(i.__0snprintf$5) refers to printf5.o(i._printf_core) for _printf_core
    printf5.o(i.__0snprintf$5) refers to printf5.o(i._snputc) for _snputc
    printf5.o(i.__0sprintf$5) refers to printf5.o(i._printf_core) for _printf_core
    printf5.o(i.__0sprintf$5) refers to printf5.o(i._sputc) for _sputc
    printf5.o(i.__0vfprintf$5) refers to printf5.o(i._printf_core) for _printf_core
    printf5.o(i.__0vfprintf$5) refers to ht32_retarget.o(i.fputc) for fputc
    printf5.o(i.__0vprintf$5) refers to printf5.o(i._printf_core) for _printf_core
    printf5.o(i.__0vprintf$5) refers to ht32_retarget.o(i.fputc) for fputc
    printf5.o(i.__0vprintf$5) refers to ht32_retarget.o(.data) for __stdout
    printf5.o(i.__0vsnprintf$5) refers to printf5.o(i._printf_core) for _printf_core
    printf5.o(i.__0vsnprintf$5) refers to printf5.o(i._snputc) for _snputc
    printf5.o(i.__0vsprintf$5) refers to printf5.o(i._printf_core) for _printf_core
    printf5.o(i.__0vsprintf$5) refers to printf5.o(i._sputc) for _sputc
    printf5.o(i._printf_core) refers to uldiv.o(.text) for __aeabi_uldivmod
    printf6.o(i.__0fprintf$6) refers to printf6.o(i._printf_core) for _printf_core
    printf6.o(i.__0fprintf$6) refers to ht32_retarget.o(i.fputc) for fputc
    printf6.o(i.__0printf$6) refers to printf6.o(i._printf_core) for _printf_core
    printf6.o(i.__0printf$6) refers to ht32_retarget.o(i.fputc) for fputc
    printf6.o(i.__0printf$6) refers to ht32_retarget.o(.data) for __stdout
    printf6.o(i.__0snprintf$6) refers to printf6.o(i._printf_core) for _printf_core
    printf6.o(i.__0snprintf$6) refers to printf6.o(i._snputc) for _snputc
    printf6.o(i.__0sprintf$6) refers to printf6.o(i._printf_core) for _printf_core
    printf6.o(i.__0sprintf$6) refers to printf6.o(i._sputc) for _sputc
    printf6.o(i.__0vfprintf$6) refers to printf6.o(i._printf_core) for _printf_core
    printf6.o(i.__0vfprintf$6) refers to ht32_retarget.o(i.fputc) for fputc
    printf6.o(i.__0vprintf$6) refers to printf6.o(i._printf_core) for _printf_core
    printf6.o(i.__0vprintf$6) refers to ht32_retarget.o(i.fputc) for fputc
    printf6.o(i.__0vprintf$6) refers to ht32_retarget.o(.data) for __stdout
    printf6.o(i.__0vsnprintf$6) refers to printf6.o(i._printf_core) for _printf_core
    printf6.o(i.__0vsnprintf$6) refers to printf6.o(i._snputc) for _snputc
    printf6.o(i.__0vsprintf$6) refers to printf6.o(i._printf_core) for _printf_core
    printf6.o(i.__0vsprintf$6) refers to printf6.o(i._sputc) for _sputc
    printf6.o(i._printf_core) refers to printf6.o(i._printf_pre_padding) for _printf_pre_padding
    printf6.o(i._printf_core) refers to printf6.o(i._printf_post_padding) for _printf_post_padding
    printf6.o(i._printf_core) refers to uidiv.o(.text) for __aeabi_uidivmod
    printf7.o(i.__0fprintf$7) refers to printf7.o(i._printf_core) for _printf_core
    printf7.o(i.__0fprintf$7) refers to ht32_retarget.o(i.fputc) for fputc
    printf7.o(i.__0printf$7) refers to printf7.o(i._printf_core) for _printf_core
    printf7.o(i.__0printf$7) refers to ht32_retarget.o(i.fputc) for fputc
    printf7.o(i.__0printf$7) refers to ht32_retarget.o(.data) for __stdout
    printf7.o(i.__0snprintf$7) refers to printf7.o(i._printf_core) for _printf_core
    printf7.o(i.__0snprintf$7) refers to printf7.o(i._snputc) for _snputc
    printf7.o(i.__0sprintf$7) refers to printf7.o(i._printf_core) for _printf_core
    printf7.o(i.__0sprintf$7) refers to printf7.o(i._sputc) for _sputc
    printf7.o(i.__0vfprintf$7) refers to printf7.o(i._printf_core) for _printf_core
    printf7.o(i.__0vfprintf$7) refers to ht32_retarget.o(i.fputc) for fputc
    printf7.o(i.__0vprintf$7) refers to printf7.o(i._printf_core) for _printf_core
    printf7.o(i.__0vprintf$7) refers to ht32_retarget.o(i.fputc) for fputc
    printf7.o(i.__0vprintf$7) refers to ht32_retarget.o(.data) for __stdout
    printf7.o(i.__0vsnprintf$7) refers to printf7.o(i._printf_core) for _printf_core
    printf7.o(i.__0vsnprintf$7) refers to printf7.o(i._snputc) for _snputc
    printf7.o(i.__0vsprintf$7) refers to printf7.o(i._printf_core) for _printf_core
    printf7.o(i.__0vsprintf$7) refers to printf7.o(i._sputc) for _sputc
    printf7.o(i._printf_core) refers to printf7.o(i._printf_pre_padding) for _printf_pre_padding
    printf7.o(i._printf_core) refers to printf7.o(i._printf_post_padding) for _printf_post_padding
    printf7.o(i._printf_core) refers to uldiv.o(.text) for __aeabi_uldivmod
    printf8.o(i.__0fprintf$8) refers to printf8.o(i._printf_core) for _printf_core
    printf8.o(i.__0fprintf$8) refers to ht32_retarget.o(i.fputc) for fputc
    printf8.o(i.__0printf$8) refers to printf8.o(i._printf_core) for _printf_core
    printf8.o(i.__0printf$8) refers to ht32_retarget.o(i.fputc) for fputc
    printf8.o(i.__0printf$8) refers to ht32_retarget.o(.data) for __stdout
    printf8.o(i.__0snprintf$8) refers to printf8.o(i._printf_core) for _printf_core
    printf8.o(i.__0snprintf$8) refers to printf8.o(i._snputc) for _snputc
    printf8.o(i.__0sprintf$8) refers to printf8.o(i._printf_core) for _printf_core
    printf8.o(i.__0sprintf$8) refers to printf8.o(i._sputc) for _sputc
    printf8.o(i.__0vfprintf$8) refers to printf8.o(i._printf_core) for _printf_core
    printf8.o(i.__0vfprintf$8) refers to ht32_retarget.o(i.fputc) for fputc
    printf8.o(i.__0vprintf$8) refers to printf8.o(i._printf_core) for _printf_core
    printf8.o(i.__0vprintf$8) refers to ht32_retarget.o(i.fputc) for fputc
    printf8.o(i.__0vprintf$8) refers to ht32_retarget.o(.data) for __stdout
    printf8.o(i.__0vsnprintf$8) refers to printf8.o(i._printf_core) for _printf_core
    printf8.o(i.__0vsnprintf$8) refers to printf8.o(i._snputc) for _snputc
    printf8.o(i.__0vsprintf$8) refers to printf8.o(i._printf_core) for _printf_core
    printf8.o(i.__0vsprintf$8) refers to printf8.o(i._sputc) for _sputc
    printf8.o(i._printf_core) refers to printf8.o(i._printf_pre_padding) for _printf_pre_padding
    printf8.o(i._printf_core) refers to printf8.o(i._printf_post_padding) for _printf_post_padding
    printf8.o(i._printf_core) refers to uldiv.o(.text) for __aeabi_uldivmod
    printfa.o(i.__0fprintf) refers (Special) to iusefp.o(.text) for __I$use$fp
    printfa.o(i.__0fprintf) refers to printfa.o(i._printf_core) for _printf_core
    printfa.o(i.__0fprintf) refers to ht32_retarget.o(i.fputc) for fputc
    printfa.o(i.__0printf) refers (Special) to iusefp.o(.text) for __I$use$fp
    printfa.o(i.__0printf) refers to printfa.o(i._printf_core) for _printf_core
    printfa.o(i.__0printf) refers to ht32_retarget.o(i.fputc) for fputc
    printfa.o(i.__0printf) refers to ht32_retarget.o(.data) for __stdout
    printfa.o(i.__0snprintf) refers (Special) to iusefp.o(.text) for __I$use$fp
    printfa.o(i.__0snprintf) refers to printfa.o(i._printf_core) for _printf_core
    printfa.o(i.__0snprintf) refers to printfa.o(i._snputc) for _snputc
    printfa.o(i.__0sprintf) refers (Special) to iusefp.o(.text) for __I$use$fp
    printfa.o(i.__0sprintf) refers to printfa.o(i._printf_core) for _printf_core
    printfa.o(i.__0sprintf) refers to printfa.o(i._sputc) for _sputc
    printfa.o(i.__0vfprintf) refers (Special) to iusefp.o(.text) for __I$use$fp
    printfa.o(i.__0vfprintf) refers to printfa.o(i._printf_core) for _printf_core
    printfa.o(i.__0vfprintf) refers to ht32_retarget.o(i.fputc) for fputc
    printfa.o(i.__0vprintf) refers (Special) to iusefp.o(.text) for __I$use$fp
    printfa.o(i.__0vprintf) refers to printfa.o(i._printf_core) for _printf_core
    printfa.o(i.__0vprintf) refers to ht32_retarget.o(i.fputc) for fputc
    printfa.o(i.__0vprintf) refers to ht32_retarget.o(.data) for __stdout
    printfa.o(i.__0vsnprintf) refers (Special) to iusefp.o(.text) for __I$use$fp
    printfa.o(i.__0vsnprintf) refers to printfa.o(i._printf_core) for _printf_core
    printfa.o(i.__0vsnprintf) refers to printfa.o(i._snputc) for _snputc
    printfa.o(i.__0vsprintf) refers (Special) to iusefp.o(.text) for __I$use$fp
    printfa.o(i.__0vsprintf) refers to printfa.o(i._printf_core) for _printf_core
    printfa.o(i.__0vsprintf) refers to printfa.o(i._sputc) for _sputc
    printfa.o(i._fp_digits) refers (Special) to iusefp.o(.text) for __I$use$fp
    printfa.o(i._fp_digits) refers to dmul.o(.text) for __aeabi_dmul
    printfa.o(i._fp_digits) refers to ddiv.o(.text) for __aeabi_ddiv
    printfa.o(i._fp_digits) refers to cdrcmple.o(.text) for __aeabi_cdrcmple
    printfa.o(i._fp_digits) refers to dadd.o(.text) for __aeabi_dadd
    printfa.o(i._fp_digits) refers to dfixul.o(.text) for __aeabi_d2ulz
    printfa.o(i._fp_digits) refers to uldiv.o(.text) for __aeabi_uldivmod
    printfa.o(i._printf_core) refers (Special) to iusefp.o(.text) for __I$use$fp
    printfa.o(i._printf_core) refers to printfa.o(i._printf_pre_padding) for _printf_pre_padding
    printfa.o(i._printf_core) refers to uldiv.o(.text) for __aeabi_uldivmod
    printfa.o(i._printf_core) refers to printfa.o(i._printf_post_padding) for _printf_post_padding
    printfa.o(i._printf_core) refers to printfa.o(i._fp_digits) for _fp_digits
    printfa.o(i._printf_core) refers to uidiv.o(.text) for __aeabi_uidivmod
    printfa.o(i._printf_post_padding) refers (Special) to iusefp.o(.text) for __I$use$fp
    printfa.o(i._printf_pre_padding) refers (Special) to iusefp.o(.text) for __I$use$fp
    printfa.o(i._snputc) refers (Special) to iusefp.o(.text) for __I$use$fp
    printfa.o(i._sputc) refers (Special) to iusefp.o(.text) for __I$use$fp
    entry2.o(.ARM.Collect$$$$00000001) refers to entry2.o(.ARM.Collect$$$$00002712) for __lit__00000000
    entry2.o(.ARM.Collect$$$$00002712) refers to startup_ht32f520xx_01.o(STACK) for __initial_sp
    entry2.o(__vectab_stack_and_reset_area) refers to startup_ht32f520xx_01.o(STACK) for __initial_sp
    entry2.o(__vectab_stack_and_reset_area) refers to entry.o(.ARM.Collect$$$$00000000) for __main
    entry5.o(.ARM.Collect$$$$00000004) refers to init.o(.text) for __scatterload
    entry9a.o(.ARM.Collect$$$$0000000B) refers to main.o(i.main) for main
    entry9b.o(.ARM.Collect$$$$0000000C) refers to main.o(i.main) for main
    uldiv.o(.text) refers to llushr.o(.text) for __aeabi_llsr
    uldiv.o(.text) refers to llshl.o(.text) for __aeabi_llsl
    dadd.o(.text) refers to llshl.o(.text) for __aeabi_llsl
    dadd.o(.text) refers to llsshr.o(.text) for __aeabi_lasr
    dadd.o(.text) refers to depilogue.o(.text) for _double_epilogue
    dmul.o(.text) refers to depilogue.o(.text) for _double_epilogue
    ddiv.o(.text) refers to depilogue.o(.text) for _double_round
    dfixul.o(.text) refers to llushr.o(.text) for __aeabi_llsr
    dfixul.o(.text) refers to llshl.o(.text) for __aeabi_llsl
    init.o(.text) refers to entry5.o(.ARM.Collect$$$$00000004) for __main_after_scatterload
    depilogue.o(.text) refers to depilogue.o(i.__ARM_clz) for __ARM_clz
    depilogue.o(.text) refers to llshl.o(.text) for __aeabi_llsl
    depilogue.o(.text) refers to llushr.o(.text) for __aeabi_llsr


==============================================================================

Removing Unused input sections from the image.

    Removing main.o(.rev16_text), (4 bytes).
    Removing main.o(.revsh_text), (4 bytes).
    Removing main.o(.bss), (1025 bytes).
    Removing ht32f520xx_01_it.o(.rev16_text), (4 bytes).
    Removing ht32f520xx_01_it.o(.revsh_text), (4 bytes).
    Removing system_ht32f520xx_02.o(.rev16_text), (4 bytes).
    Removing system_ht32f520xx_02.o(.revsh_text), (4 bytes).
    Removing system_ht32f520xx_02.o(i.SystemCoreClockUpdate), (112 bytes).
    Removing startup_ht32f520xx_01.o(HEAP), (0 bytes).
    Removing ht32_cm0plus_misc.o(.rev16_text), (4 bytes).
    Removing ht32_cm0plus_misc.o(.revsh_text), (4 bytes).
    Removing ht32_cm0plus_misc.o(i.DIV32_Init), (20 bytes).
    Removing ht32_cm0plus_misc.o(i.NVIC_LowPowerConfig), (24 bytes).
    Removing ht32_cm0plus_misc.o(i.NVIC_SetPendingSystemHandler), (16 bytes).
    Removing ht32_cm0plus_misc.o(i.NVIC_SetVectorTable), (20 bytes).
    Removing ht32_cm0plus_misc.o(i.RBIT), (22 bytes).
    Removing ht32_cm0plus_misc.o(i.Rand_Init), (28 bytes).
    Removing ht32_cm0plus_misc.o(i.SYSTICK_ClockSourceConfig), (24 bytes).
    Removing ht32_cm0plus_misc.o(i.SYSTICK_CounterCmd), (36 bytes).
    Removing ht32_cm0plus_misc.o(i.SYSTICK_IntConfig), (24 bytes).
    Removing ht32_cm0plus_misc.o(i.SYSTICK_SetReloadValue), (12 bytes).
    Removing ht32_cm0plus_misc.o(.constdata), (336 bytes).
    Removing ht32_cm0plus_misc.o(.data), (360 bytes).
    Removing ht32f520xx_adc.o(.rev16_text), (4 bytes).
    Removing ht32f520xx_adc.o(.revsh_text), (4 bytes).
    Removing ht32f520xx_adc.o(i.ADC_AWDConfig), (12 bytes).
    Removing ht32f520xx_adc.o(i.ADC_AWDSingleChannelConfig), (16 bytes).
    Removing ht32f520xx_adc.o(i.ADC_AWDThresholdsConfig), (8 bytes).
    Removing ht32f520xx_adc.o(i.ADC_ClearIntPendingBit), (6 bytes).
    Removing ht32f520xx_adc.o(i.ADC_Cmd), (18 bytes).
    Removing ht32f520xx_adc.o(i.ADC_DeInit), (18 bytes).
    Removing ht32f520xx_adc.o(i.ADC_GetConversionData), (10 bytes).
    Removing ht32f520xx_adc.o(i.ADC_GetFlagStatus), (12 bytes).
    Removing ht32f520xx_adc.o(i.ADC_GetIntStatus), (12 bytes).
    Removing ht32f520xx_adc.o(i.ADC_IntConfig), (18 bytes).
    Removing ht32f520xx_adc.o(i.ADC_RegularChannelConfig), (28 bytes).
    Removing ht32f520xx_adc.o(i.ADC_RegularGroupConfig), (26 bytes).
    Removing ht32f520xx_adc.o(i.ADC_RegularTrigConfig), (8 bytes).
    Removing ht32f520xx_adc.o(i.ADC_Reset), (10 bytes).
    Removing ht32f520xx_adc.o(i.ADC_SamplingTimeConfig), (4 bytes).
    Removing ht32f520xx_adc.o(i.ADC_SoftwareStartConvCmd), (20 bytes).
    Removing ht32f520xx_bftm.o(.rev16_text), (4 bytes).
    Removing ht32f520xx_bftm.o(.revsh_text), (4 bytes).
    Removing ht32f520xx_bftm.o(i.BFTM_DeInit), (36 bytes).
    Removing ht32f520xx_bftm.o(i.BFTM_GetCompare), (4 bytes).
    Removing ht32f520xx_bftm.o(i.BFTM_GetCounter), (4 bytes).
    Removing ht32f520xx_ckcu.o(.rev16_text), (4 bytes).
    Removing ht32f520xx_ckcu.o(.revsh_text), (4 bytes).
    Removing ht32f520xx_ckcu.o(i.CKCU_BKISOCmd), (28 bytes).
    Removing ht32f520xx_ckcu.o(i.CKCU_CKMCmd), (24 bytes).
    Removing ht32f520xx_ckcu.o(i.CKCU_CKOUTConfig), (20 bytes).
    Removing ht32f520xx_ckcu.o(i.CKCU_ClearIntFlag), (16 bytes).
    Removing ht32f520xx_ckcu.o(i.CKCU_DeInit), (96 bytes).
    Removing ht32f520xx_ckcu.o(i.CKCU_GetClockReadyStatus), (20 bytes).
    Removing ht32f520xx_ckcu.o(i.CKCU_GetIntStatus), (20 bytes).
    Removing ht32f520xx_ckcu.o(i.CKCU_GetSysClockSource), (16 bytes).
    Removing ht32f520xx_ckcu.o(i.CKCU_HSECmd), (20 bytes).
    Removing ht32f520xx_ckcu.o(i.CKCU_HSIAutoTrimClkConfig), (20 bytes).
    Removing ht32f520xx_ckcu.o(i.CKCU_HSIAutoTrimCmd), (32 bytes).
    Removing ht32f520xx_ckcu.o(i.CKCU_HSIAutoTrimIsReady), (16 bytes).
    Removing ht32f520xx_ckcu.o(i.CKCU_HSICmd), (24 bytes).
    Removing ht32f520xx_ckcu.o(i.CKCU_IS_HSE_USED), (24 bytes).
    Removing ht32f520xx_ckcu.o(i.CKCU_IS_HSI_USED), (24 bytes).
    Removing ht32f520xx_ckcu.o(i.CKCU_IS_PLL_USED), (24 bytes).
    Removing ht32f520xx_ckcu.o(i.CKCU_IntConfig), (28 bytes).
    Removing ht32f520xx_ckcu.o(i.CKCU_MCUDBGConfig), (24 bytes).
    Removing ht32f520xx_ckcu.o(i.CKCU_PLLCmd), (20 bytes).
    Removing ht32f520xx_ckcu.o(i.CKCU_PLLInit), (40 bytes).
    Removing ht32f520xx_ckcu.o(i.CKCU_PSRCWKUPCmd), (24 bytes).
    Removing ht32f520xx_ckcu.o(i.CKCU_SetADCPrescaler), (24 bytes).
    Removing ht32f520xx_ckcu.o(i.CKCU_SetCKREFPrescaler), (24 bytes).
    Removing ht32f520xx_ckcu.o(i.CKCU_SetHCLKPrescaler), (12 bytes).
    Removing ht32f520xx_ckcu.o(i.CKCU_SetPeripPrescaler), (40 bytes).
    Removing ht32f520xx_ckcu.o(i.CKCU_SleepClockConfig), (24 bytes).
    Removing ht32f520xx_ckcu.o(i.CKCU_SysClockConfig), (44 bytes).
    Removing ht32f520xx_ckcu.o(i.CKCU_WaitHSEReady), (36 bytes).
    Removing ht32f520xx_crc.o(.rev16_text), (4 bytes).
    Removing ht32f520xx_crc.o(.revsh_text), (4 bytes).
    Removing ht32f520xx_crc.o(i.CRC_16), (32 bytes).
    Removing ht32f520xx_crc.o(i.CRC_32), (28 bytes).
    Removing ht32f520xx_crc.o(i.CRC_CCITT), (32 bytes).
    Removing ht32f520xx_crc.o(i.CRC_DeInit), (16 bytes).
    Removing ht32f520xx_crc.o(i.CRC_Init), (36 bytes).
    Removing ht32f520xx_crc.o(i.CRC_Process), (24 bytes).
    Removing ht32f520xx_exti.o(.rev16_text), (4 bytes).
    Removing ht32f520xx_exti.o(.revsh_text), (4 bytes).
    Removing ht32f520xx_exti.o(i.EXTI_ClearEdgeFlag), (16 bytes).
    Removing ht32f520xx_exti.o(i.EXTI_ClearWakeupFlag), (20 bytes).
    Removing ht32f520xx_exti.o(i.EXTI_DeInit), (56 bytes).
    Removing ht32f520xx_exti.o(i.EXTI_GetEdgeStatus), (40 bytes).
    Removing ht32f520xx_exti.o(i.EXTI_GetSWCmdStatus), (24 bytes).
    Removing ht32f520xx_exti.o(i.EXTI_GetWakeupFlagStatus), (24 bytes).
    Removing ht32f520xx_exti.o(i.EXTI_Init), (32 bytes).
    Removing ht32f520xx_exti.o(i.EXTI_IntConfig), (28 bytes).
    Removing ht32f520xx_exti.o(i.EXTI_SWIntCmd), (28 bytes).
    Removing ht32f520xx_exti.o(i.EXTI_WakeupEventConfig), (44 bytes).
    Removing ht32f520xx_exti.o(i.EXTI_WakeupEventIntConfig), (28 bytes).
    Removing ht32f520xx_flash.o(.rev16_text), (4 bytes).
    Removing ht32f520xx_flash.o(.revsh_text), (4 bytes).
    Removing ht32f520xx_flash.o(i.FLASH_ClearIntFlag), (12 bytes).
    Removing ht32f520xx_flash.o(i.FLASH_EraseOptionByte), (28 bytes).
    Removing ht32f520xx_flash.o(i.FLASH_ErasePage), (20 bytes).
    Removing ht32f520xx_flash.o(i.FLASH_GetIntStatus), (20 bytes).
    Removing ht32f520xx_flash.o(i.FLASH_GetOptionByteStatus), (48 bytes).
    Removing ht32f520xx_flash.o(i.FLASH_IntConfig), (24 bytes).
    Removing ht32f520xx_flash.o(i.FLASH_MassErase), (20 bytes).
    Removing ht32f520xx_flash.o(i.FLASH_PrefetchBufferCmd), (24 bytes).
    Removing ht32f520xx_flash.o(i.FLASH_ProgramOptionByte), (76 bytes).
    Removing ht32f520xx_flash.o(i.FLASH_ProgramWordData), (24 bytes).
    Removing ht32f520xx_flash.o(i.FLASH_SetRemappingMode), (12 bytes).
    Removing ht32f520xx_flash.o(i.FLASH_SetWaitState), (20 bytes).
    Removing ht32f520xx_flash.o(i.FLASH_WaitForOperationEnd), (80 bytes).
    Removing ht32f520xx_gpio.o(.rev16_text), (4 bytes).
    Removing ht32f520xx_gpio.o(.revsh_text), (4 bytes).
    Removing ht32f520xx_gpio.o(i.AFIO_DeInit), (18 bytes).
    Removing ht32f520xx_gpio.o(i.AFIO_EXTISourceConfig), (44 bytes).
    Removing ht32f520xx_gpio.o(i.GPIO_ClearOutBits), (4 bytes).
    Removing ht32f520xx_gpio.o(i.GPIO_DeInit), (60 bytes).
    Removing ht32f520xx_gpio.o(i.GPIO_DirectionConfig), (16 bytes).
    Removing ht32f520xx_gpio.o(i.GPIO_DriveConfig), (48 bytes).
    Removing ht32f520xx_gpio.o(i.GPIO_InputConfig), (16 bytes).
    Removing ht32f520xx_gpio.o(i.GPIO_IsPinLocked), (10 bytes).
    Removing ht32f520xx_gpio.o(i.GPIO_IsPortLocked), (10 bytes).
    Removing ht32f520xx_gpio.o(i.GPIO_OpenDrainConfig), (16 bytes).
    Removing ht32f520xx_gpio.o(i.GPIO_PinLock), (12 bytes).
    Removing ht32f520xx_gpio.o(i.GPIO_PullResistorConfig), (42 bytes).
    Removing ht32f520xx_gpio.o(i.GPIO_ReadInBit), (10 bytes).
    Removing ht32f520xx_gpio.o(i.GPIO_ReadInData), (6 bytes).
    Removing ht32f520xx_gpio.o(i.GPIO_ReadOutBit), (10 bytes).
    Removing ht32f520xx_gpio.o(i.GPIO_ReadOutData), (6 bytes).
    Removing ht32f520xx_gpio.o(i.GPIO_SetOutBits), (4 bytes).
    Removing ht32f520xx_gpio.o(i.GPIO_WriteOutBits), (12 bytes).
    Removing ht32f520xx_gpio.o(i.GPIO_WriteOutData), (4 bytes).
    Removing ht32f520xx_gpio.o(i._AFIO_ClockControl), (40 bytes).
    Removing ht32f520xx_gpio.o(i._GPIO_ClockControl), (48 bytes).
    Removing ht32f520xx_i2c.o(.rev16_text), (4 bytes).
    Removing ht32f520xx_i2c.o(.revsh_text), (4 bytes).
    Removing ht32f520xx_i2c.o(i.I2C_AddressMaskConfig), (4 bytes).
    Removing ht32f520xx_i2c.o(i.I2C_CombFilterCmd), (20 bytes).
    Removing ht32f520xx_i2c.o(i.I2C_DeInit), (44 bytes).
    Removing ht32f520xx_i2c.o(i.I2C_GeneralCallCmd), (18 bytes).
    Removing ht32f520xx_i2c.o(i.I2C_GetAddressBuffer), (6 bytes).
    Removing ht32f520xx_i2c.o(i.I2C_IntConfig), (16 bytes).
    Removing ht32f520xx_i2c.o(i.I2C_ReadRegister), (10 bytes).
    Removing ht32f520xx_i2c.o(i.I2C_SequentialFilterConfig), (124 bytes).
    Removing ht32f520xx_i2c.o(i.I2C_SetOwnAddress), (4 bytes).
    Removing ht32f520xx_i2c.o(i.I2C_SetSCLHighPeriod), (4 bytes).
    Removing ht32f520xx_i2c.o(i.I2C_SetSCLLowPeriod), (4 bytes).
    Removing ht32f520xx_i2c.o(i.I2C_SetTimeOutPrescaler), (10 bytes).
    Removing ht32f520xx_i2c.o(i.I2C_SetTimeOutValue), (12 bytes).
    Removing ht32f520xx_i2c.o(i.I2C_StructInit), (20 bytes).
    Removing ht32f520xx_i2c.o(i.I2C_TimeOutCmd), (20 bytes).
    Removing ht32f520xx_mctm.o(.rev16_text), (4 bytes).
    Removing ht32f520xx_mctm.o(.revsh_text), (4 bytes).
    Removing ht32f520xx_mctm.o(i.MCTM_CHBRKCTRConfig), (40 bytes).
    Removing ht32f520xx_mctm.o(i.MCTM_CHBRKCTRStructInit), (20 bytes).
    Removing ht32f520xx_mctm.o(i.MCTM_CHMOECmd), (18 bytes).
    Removing ht32f520xx_mctm.o(i.MCTM_COMPRECmd), (20 bytes).
    Removing ht32f520xx_mctm.o(i.MCTM_COMUSConfig), (20 bytes).
    Removing ht32f520xx_mctm.o(i.MCTM_ChNPolarityConfig), (22 bytes).
    Removing ht32f520xx_mctm.o(i.MCTM_ChannelNConfig), (26 bytes).
    Removing ht32f520xx_pwrcu.o(.rev16_text), (4 bytes).
    Removing ht32f520xx_pwrcu.o(.revsh_text), (4 bytes).
    Removing ht32f520xx_pwrcu.o(i.PWRCU_BODCmd), (28 bytes).
    Removing ht32f520xx_pwrcu.o(i.PWRCU_BODRISConfig), (24 bytes).
    Removing ht32f520xx_pwrcu.o(i.PWRCU_CheckReadyAccessed), (44 bytes).
    Removing ht32f520xx_pwrcu.o(i.PWRCU_DMOSCmd), (40 bytes).
    Removing ht32f520xx_pwrcu.o(i.PWRCU_DeInit), (28 bytes).
    Removing ht32f520xx_pwrcu.o(i.PWRCU_DeepSleep1), (92 bytes).
    Removing ht32f520xx_pwrcu.o(i.PWRCU_DeepSleep2), (104 bytes).
    Removing ht32f520xx_pwrcu.o(i.PWRCU_GetBODFlagStatus), (16 bytes).
    Removing ht32f520xx_pwrcu.o(i.PWRCU_GetDMOSStatus), (36 bytes).
    Removing ht32f520xx_pwrcu.o(i.PWRCU_GetFlagStatus), (12 bytes).
    Removing ht32f520xx_pwrcu.o(i.PWRCU_GetLVDFlagStatus), (16 bytes).
    Removing ht32f520xx_pwrcu.o(i.PWRCU_LDOConfig), (56 bytes).
    Removing ht32f520xx_pwrcu.o(i.PWRCU_LVDCmd), (28 bytes).
    Removing ht32f520xx_pwrcu.o(i.PWRCU_LVDEventWakeupConfig), (28 bytes).
    Removing ht32f520xx_pwrcu.o(i.PWRCU_LVDIntWakeupConfig), (28 bytes).
    Removing ht32f520xx_pwrcu.o(i.PWRCU_PowerDown), (72 bytes).
    Removing ht32f520xx_pwrcu.o(i.PWRCU_SetLVDS), (20 bytes).
    Removing ht32f520xx_pwrcu.o(i.PWRCU_Sleep), (28 bytes).
    Removing ht32f520xx_pwrcu.o(i.PWRCU_V15RDYSourceConfig), (28 bytes).
    Removing ht32f520xx_pwrcu.o(i.PWRCU_WakeupPinCmd), (24 bytes).
    Removing ht32f520xx_pwrcu.o(i.PWRCU_WakeupPinIntConfig), (24 bytes).
    Removing ht32f520xx_rstcu.o(.rev16_text), (4 bytes).
    Removing ht32f520xx_rstcu.o(.revsh_text), (4 bytes).
    Removing ht32f520xx_rstcu.o(i.RSTCU_ClearAllResetFlag), (12 bytes).
    Removing ht32f520xx_rstcu.o(i.RSTCU_ClearResetFlag), (16 bytes).
    Removing ht32f520xx_rstcu.o(i.RSTCU_GetResetFlagStatus), (24 bytes).
    Removing ht32f520xx_rstcu.o(i.RSTCU_PeripReset), (40 bytes).
    Removing ht32f520xx_rtc.o(.rev16_text), (4 bytes).
    Removing ht32f520xx_rtc.o(.revsh_text), (4 bytes).
    Removing ht32f520xx_rtc.o(i.RTC_CMPCLRCmd), (24 bytes).
    Removing ht32f520xx_rtc.o(i.RTC_ClockSourceConfig), (20 bytes).
    Removing ht32f520xx_rtc.o(i.RTC_Cmd), (28 bytes).
    Removing ht32f520xx_rtc.o(i.RTC_DeInit), (44 bytes).
    Removing ht32f520xx_rtc.o(i.RTC_GetCompare), (12 bytes).
    Removing ht32f520xx_rtc.o(i.RTC_GetCounter), (12 bytes).
    Removing ht32f520xx_rtc.o(i.RTC_GetFlagStatus), (12 bytes).
    Removing ht32f520xx_rtc.o(i.RTC_GetOutStatus), (20 bytes).
    Removing ht32f520xx_rtc.o(i.RTC_GetPrescaler), (20 bytes).
    Removing ht32f520xx_rtc.o(i.RTC_IntConfig), (24 bytes).
    Removing ht32f520xx_rtc.o(i.RTC_LSECmd), (44 bytes).
    Removing ht32f520xx_rtc.o(i.RTC_LSESMConfig), (20 bytes).
    Removing ht32f520xx_rtc.o(i.RTC_LSICmd), (44 bytes).
    Removing ht32f520xx_rtc.o(i.RTC_LSILoadTrimData), (44 bytes).
    Removing ht32f520xx_rtc.o(i.RTC_OutCmd), (28 bytes).
    Removing ht32f520xx_rtc.o(i.RTC_OutConfig), (56 bytes).
    Removing ht32f520xx_rtc.o(i.RTC_SetCompare), (12 bytes).
    Removing ht32f520xx_rtc.o(i.RTC_SetPrescaler), (24 bytes).
    Removing ht32f520xx_rtc.o(i.RTC_WakeupConfig), (24 bytes).
    Removing ht32f520xx_spi.o(.rev16_text), (4 bytes).
    Removing ht32f520xx_spi.o(.revsh_text), (4 bytes).
    Removing ht32f520xx_spi.o(i.SPI_ClearFlag), (4 bytes).
    Removing ht32f520xx_spi.o(i.SPI_Cmd), (20 bytes).
    Removing ht32f520xx_spi.o(i.SPI_DUALCmd), (18 bytes).
    Removing ht32f520xx_spi.o(i.SPI_DeInit), (32 bytes).
    Removing ht32f520xx_spi.o(i.SPI_FIFOCmd), (20 bytes).
    Removing ht32f520xx_spi.o(i.SPI_FIFOTriggerLevelConfig), (32 bytes).
    Removing ht32f520xx_spi.o(i.SPI_GUADTCmd), (18 bytes).
    Removing ht32f520xx_spi.o(i.SPI_GUADTSPI_GUADTConfig), (20 bytes).
    Removing ht32f520xx_spi.o(i.SPI_GetFIFOStatus), (20 bytes).
    Removing ht32f520xx_spi.o(i.SPI_GetFlagStatus), (14 bytes).
    Removing ht32f520xx_spi.o(i.SPI_Init), (72 bytes).
    Removing ht32f520xx_spi.o(i.SPI_IntConfig), (16 bytes).
    Removing ht32f520xx_spi.o(i.SPI_ReceiveData), (6 bytes).
    Removing ht32f520xx_spi.o(i.SPI_SELHTConfig), (14 bytes).
    Removing ht32f520xx_spi.o(i.SPI_SELModeConfig), (20 bytes).
    Removing ht32f520xx_spi.o(i.SPI_SELOutputCmd), (18 bytes).
    Removing ht32f520xx_spi.o(i.SPI_SendData), (4 bytes).
    Removing ht32f520xx_spi.o(i.SPI_SetDataLength), (16 bytes).
    Removing ht32f520xx_spi.o(i.SPI_SetTimeOutValue), (4 bytes).
    Removing ht32f520xx_spi.o(i.SPI_SoftwareSELCmd), (18 bytes).
    Removing ht32f520xx_spi.o(i.SPI_StructInit), (28 bytes).
    Removing ht32f520xx_tm.o(.rev16_text), (4 bytes).
    Removing ht32f520xx_tm.o(.revsh_text), (4 bytes).
    Removing ht32f520xx_tm.o(i.TM_CHCCRPreloadConfig), (24 bytes).
    Removing ht32f520xx_tm.o(i.TM_CHPSCConfig), (22 bytes).
    Removing ht32f520xx_tm.o(i.TM_CKDIVConfig), (18 bytes).
    Removing ht32f520xx_tm.o(i.TM_CRRPreloadCmd), (18 bytes).
    Removing ht32f520xx_tm.o(i.TM_CaptureInit), (34 bytes).
    Removing ht32f520xx_tm.o(i.TM_CaptureStructInit), (18 bytes).
    Removing ht32f520xx_tm.o(i.TM_ChExternalClockConfig), (50 bytes).
    Removing ht32f520xx_tm.o(i.TM_ChPolarityConfig), (20 bytes).
    Removing ht32f520xx_tm.o(i.TM_ChannelConfig), (24 bytes).
    Removing ht32f520xx_tm.o(i.TM_ClearFlag), (10 bytes).
    Removing ht32f520xx_tm.o(i.TM_ClearIntPendingBit), (10 bytes).
    Removing ht32f520xx_tm.o(i.TM_ClearOREFConfig), (24 bytes).
    Removing ht32f520xx_tm.o(i.TM_Cmd), (20 bytes).
    Removing ht32f520xx_tm.o(i.TM_CounterModeConfig), (28 bytes).
    Removing ht32f520xx_tm.o(i.TM_DeInit), (104 bytes).
    Removing ht32f520xx_tm.o(i.TM_DecoderConfig), (64 bytes).
    Removing ht32f520xx_tm.o(i.TM_EtiConfig), (24 bytes).
    Removing ht32f520xx_tm.o(i.TM_EtiExternalClockConfig), (20 bytes).
    Removing ht32f520xx_tm.o(i.TM_ForcedOREF0), (14 bytes).
    Removing ht32f520xx_tm.o(i.TM_ForcedOREF1), (14 bytes).
    Removing ht32f520xx_tm.o(i.TM_ForcedOREF2), (14 bytes).
    Removing ht32f520xx_tm.o(i.TM_ForcedOREF3), (14 bytes).
    Removing ht32f520xx_tm.o(i.TM_GenerateEvent), (4 bytes).
    Removing ht32f520xx_tm.o(i.TM_GetCaptureCompare0), (6 bytes).
    Removing ht32f520xx_tm.o(i.TM_GetCaptureCompare1), (6 bytes).
    Removing ht32f520xx_tm.o(i.TM_GetCaptureCompare2), (6 bytes).
    Removing ht32f520xx_tm.o(i.TM_GetCaptureCompare3), (6 bytes).
    Removing ht32f520xx_tm.o(i.TM_GetCounter), (6 bytes).
    Removing ht32f520xx_tm.o(i.TM_GetFlagStatus), (10 bytes).
    Removing ht32f520xx_tm.o(i.TM_GetIntStatus), (24 bytes).
    Removing ht32f520xx_tm.o(i.TM_GetPrescaler), (6 bytes).
    Removing ht32f520xx_tm.o(i.TM_HallInterfaceCmd), (22 bytes).
    Removing ht32f520xx_tm.o(i.TM_ImmActiveConfig), (24 bytes).
    Removing ht32f520xx_tm.o(i.TM_IntConfig), (16 bytes).
    Removing ht32f520xx_tm.o(i.TM_InternalClockConfig), (12 bytes).
    Removing ht32f520xx_tm.o(i.TM_ItiExternalClockConfig), (20 bytes).
    Removing ht32f520xx_tm.o(i.TM_MMSELConfig), (14 bytes).
    Removing ht32f520xx_tm.o(i.TM_OutputInit), (164 bytes).
    Removing ht32f520xx_tm.o(i.TM_OutputModeConfig), (32 bytes).
    Removing ht32f520xx_tm.o(i.TM_OutputStructInit), (24 bytes).
    Removing ht32f520xx_tm.o(i.TM_PrescalerConfig), (8 bytes).
    Removing ht32f520xx_tm.o(i.TM_PwmInputInit), (90 bytes).
    Removing ht32f520xx_tm.o(i.TM_SetAsymmetricCompare0), (6 bytes).
    Removing ht32f520xx_tm.o(i.TM_SetAsymmetricCompare1), (6 bytes).
    Removing ht32f520xx_tm.o(i.TM_SetAsymmetricCompare2), (6 bytes).
    Removing ht32f520xx_tm.o(i.TM_SetAsymmetricCompare3), (6 bytes).
    Removing ht32f520xx_tm.o(i.TM_SetCaptureCompare0), (6 bytes).
    Removing ht32f520xx_tm.o(i.TM_SetCaptureCompare1), (6 bytes).
    Removing ht32f520xx_tm.o(i.TM_SetCaptureCompare2), (6 bytes).
    Removing ht32f520xx_tm.o(i.TM_SetCaptureCompare3), (6 bytes).
    Removing ht32f520xx_tm.o(i.TM_SetCounter), (6 bytes).
    Removing ht32f520xx_tm.o(i.TM_SetCounterReload), (6 bytes).
    Removing ht32f520xx_tm.o(i.TM_SinglePulseModeCmd), (20 bytes).
    Removing ht32f520xx_tm.o(i.TM_SlaveModeConfig), (14 bytes).
    Removing ht32f520xx_tm.o(i.TM_StiConfig), (26 bytes).
    Removing ht32f520xx_tm.o(i.TM_TimSyncCmd), (20 bytes).
    Removing ht32f520xx_tm.o(i.TM_TimeBaseInit), (64 bytes).
    Removing ht32f520xx_tm.o(i.TM_TimeBaseStructInit), (20 bytes).
    Removing ht32f520xx_tm.o(i.TM_UEVG_IntConfig), (18 bytes).
    Removing ht32f520xx_tm.o(i.TM_UpdateCmd), (20 bytes).
    Removing ht32f520xx_tm.o(i.tm_CHx_Config), (60 bytes).
    Removing ht32f520xx_usart.o(.rev16_text), (4 bytes).
    Removing ht32f520xx_usart.o(.revsh_text), (4 bytes).
    Removing ht32f520xx_usart.o(i.USART_ClearFlag), (8 bytes).
    Removing ht32f520xx_usart.o(i.USART_DeInit), (56 bytes).
    Removing ht32f520xx_usart.o(i.USART_FIFOReset), (8 bytes).
    Removing ht32f520xx_usart.o(i.USART_ForceBreakCmd), (20 bytes).
    Removing ht32f520xx_usart.o(i.USART_GetFIFOStatus), (18 bytes).
    Removing ht32f520xx_usart.o(i.USART_HardwareFlowControlCmd), (18 bytes).
    Removing ht32f520xx_usart.o(i.USART_IrDACmd), (20 bytes).
    Removing ht32f520xx_usart.o(i.USART_IrDAConfig), (18 bytes).
    Removing ht32f520xx_usart.o(i.USART_IrDADirectionConfig), (18 bytes).
    Removing ht32f520xx_usart.o(i.USART_IrDAInvtCmd), (20 bytes).
    Removing ht32f520xx_usart.o(i.USART_RS485AADCmd), (18 bytes).
    Removing ht32f520xx_usart.o(i.USART_RS485NMMCmd), (18 bytes).
    Removing ht32f520xx_usart.o(i.USART_RS485TxEnablePolarityConfig), (20 bytes).
    Removing ht32f520xx_usart.o(i.USART_SendData), (4 bytes).
    Removing ht32f520xx_usart.o(i.USART_SetAddressMatchValue), (16 bytes).
    Removing ht32f520xx_usart.o(i.USART_SetGuardTime), (16 bytes).
    Removing ht32f520xx_usart.o(i.USART_SetIrDAPrescaler), (16 bytes).
    Removing ht32f520xx_usart.o(i.USART_SetTimeOutValue), (16 bytes).
    Removing ht32f520xx_usart.o(i.USART_StickParityCmd), (20 bytes).
    Removing ht32f520xx_usart.o(i.USART_StickParityConfig), (24 bytes).
    Removing ht32f520xx_usart.o(i.USART_StructInit), (22 bytes).
    Removing ht32f520xx_usart.o(i.USART_SynClockInit), (26 bytes).
    Removing ht32f520xx_usart.o(i.USART_SynClockStructInit), (12 bytes).
    Removing ht32f520xx_wdt.o(.rev16_text), (4 bytes).
    Removing ht32f520xx_wdt.o(.revsh_text), (4 bytes).
    Removing ht32f520xx_wdt.o(i.WDT_Cmd), (28 bytes).
    Removing ht32f520xx_wdt.o(i.WDT_DeInit), (16 bytes).
    Removing ht32f520xx_wdt.o(i.WDT_GetDeltaValue), (16 bytes).
    Removing ht32f520xx_wdt.o(i.WDT_GetFlagStatus), (20 bytes).
    Removing ht32f520xx_wdt.o(i.WDT_GetPrescaler), (20 bytes).
    Removing ht32f520xx_wdt.o(i.WDT_GetReloadValue), (16 bytes).
    Removing ht32f520xx_wdt.o(i.WDT_HaltConfig), (24 bytes).
    Removing ht32f520xx_wdt.o(i.WDT_LockCmd), (36 bytes).
    Removing ht32f520xx_wdt.o(i.WDT_ProtectCmd), (28 bytes).
    Removing ht32f520xx_wdt.o(i.WDT_ResetCmd), (28 bytes).
    Removing ht32f520xx_wdt.o(i.WDT_Restart), (16 bytes).
    Removing ht32f520xx_wdt.o(i.WDT_SetDeltaValue), (20 bytes).
    Removing ht32f520xx_wdt.o(i.WDT_SetPrescaler), (20 bytes).
    Removing ht32f520xx_wdt.o(i.WDT_SetReloadValue), (20 bytes).
    Removing ht32f520xx_wdt.o(i.WDT_SourceConfig), (16 bytes).
    Removing ht32_retarget.o(.rev16_text), (4 bytes).
    Removing ht32_retarget.o(.revsh_text), (4 bytes).
    Removing ht32_retarget.o(i.__backspace), (4 bytes).
    Removing ht32_retarget.o(i._sys_exit), (2 bytes).
    Removing ht32_retarget.o(i._ttywrch), (8 bytes).
    Removing ht32_retarget.o(i.fgetc), (8 bytes).
    Removing ht32_retarget.o(.data), (4 bytes).
    Removing ht32_serial.o(.rev16_text), (4 bytes).
    Removing ht32_serial.o(.revsh_text), (4 bytes).
    Removing ht32_serial.o(i.SERIAL_Flush), (2 bytes).
    Removing ht32_serial.o(i.SERIAL_GetChar), (28 bytes).
    Removing ht32_board.o(.rev16_text), (4 bytes).
    Removing ht32_board.o(.revsh_text), (4 bytes).
    Removing ht32_board.o(i.HT32F_DVB_BuzzerFun), (288 bytes).
    Removing ht32_board.o(i.HT32F_DVB_BuzzerOutputCmd), (20 bytes).
    Removing ht32_board.o(i.HT32F_DVB_LEDInit), (88 bytes).
    Removing ht32_board.o(i.HT32F_DVB_LEDOff), (24 bytes).
    Removing ht32_board.o(i.HT32F_DVB_LEDOn), (24 bytes).
    Removing ht32_board.o(i.HT32F_DVB_LEDToggle), (32 bytes).
    Removing ht32_board.o(i.HT32F_DVB_PBGetState), (28 bytes).
    Removing ht32_board.o(i.HT32F_DVB_PBInit), (196 bytes).
    Removing ht32_board.o(i._HT32F_DVB_ClockConfig), (58 bytes).
    Removing i2c_eeprom.o(.rev16_text), (4 bytes).
    Removing i2c_eeprom.o(.revsh_text), (4 bytes).
    Removing i2c_eeprom.o(i.I2C_EEPROM_BufferWrite), (54 bytes).
    Removing i2c_eeprom.o(i.I2C_EEPROM_PageWrite), (116 bytes).
    Removing spi_flash.o(.rev16_text), (4 bytes).
    Removing spi_flash.o(.revsh_text), (4 bytes).
    Removing spi_flash.o(i.SPI_FLASH_BlockErase), (64 bytes).
    Removing spi_flash.o(i.SPI_FLASH_BufferDualRead), (104 bytes).
    Removing spi_flash.o(i.SPI_FLASH_BufferRead), (76 bytes).
    Removing spi_flash.o(i.SPI_FLASH_BufferWrite), (188 bytes).
    Removing spi_flash.o(i.SPI_FLASH_ChipErase), (40 bytes).
    Removing spi_flash.o(i.SPI_FLASH_Init), (148 bytes).
    Removing spi_flash.o(i.SPI_FLASH_PageWrite), (84 bytes).
    Removing spi_flash.o(i.SPI_FLASH_ReadJEDECID), (64 bytes).
    Removing spi_flash.o(i.SPI_FLASH_SectorErase), (64 bytes).
    Removing spi_flash.o(i.SPI_FLASH_SendByte), (52 bytes).
    Removing spi_flash.o(i.SPI_FLASH_WaitForWriteEnd), (44 bytes).
    Removing spi_flash.o(i.SPI_FLASH_WriteDisable), (32 bytes).
    Removing spi_flash.o(i.SPI_FLASH_WriteEnable), (32 bytes).
    Removing spi_flash.o(i.SPI_FLASH_WriteStatus), (44 bytes).
    Removing spi_lcd.o(.rev16_text), (4 bytes).
    Removing spi_lcd.o(.revsh_text), (4 bytes).
    Removing spi_lcd.o(i.LCD_BackColorSet), (12 bytes).
    Removing spi_lcd.o(i.LCD_CharDisplay), (24 bytes).
    Removing spi_lcd.o(i.LCD_CharDraw), (76 bytes).
    Removing spi_lcd.o(i.LCD_CircleDraw), (200 bytes).
    Removing spi_lcd.o(i.LCD_Clear), (36 bytes).
    Removing spi_lcd.o(i.LCD_Config), (624 bytes).
    Removing spi_lcd.o(i.LCD_DisplayOff), (12 bytes).
    Removing spi_lcd.o(i.LCD_DisplayOn), (12 bytes).
    Removing spi_lcd.o(i.LCD_Init), (180 bytes).
    Removing spi_lcd.o(i.LCD_LineDraw), (72 bytes).
    Removing spi_lcd.o(i.LCD_PicDraw), (88 bytes).
    Removing spi_lcd.o(i.LCD_ReadReg), (136 bytes).
    Removing spi_lcd.o(i.LCD_RectDraw), (58 bytes).
    Removing spi_lcd.o(i.LCD_SetDisplayArea), (88 bytes).
    Removing spi_lcd.o(i.LCD_StarterSet), (44 bytes).
    Removing spi_lcd.o(i.LCD_StringLineDisplay), (40 bytes).
    Removing spi_lcd.o(i.LCD_TextColorSet), (12 bytes).
    Removing spi_lcd.o(i.LCD_WriteRAM), (108 bytes).
    Removing spi_lcd.o(i.LCD_WriteRAMPrior), (10 bytes).
    Removing spi_lcd.o(i.LCD_WriteRAMWord), (18 bytes).
    Removing spi_lcd.o(i.LCD_WriteReg), (112 bytes).
    Removing spi_lcd.o(i.LCD_WriteRegIndex), (88 bytes).
    Removing spi_lcd.o(i._delay), (28 bytes).
    Removing spi_lcd.o(.constdata), (4560 bytes).
    Removing spi_lcd.o(.data), (4 bytes).
    Removing dadd.o(.text), (356 bytes).
    Removing dmul.o(.text), (208 bytes).
    Removing ddiv.o(.text), (240 bytes).
    Removing dfixul.o(.text), (64 bytes).
    Removing cdrcmple.o(.text), (40 bytes).
    Removing depilogue.o(.text), (190 bytes).
    Removing depilogue.o(i.__ARM_clz), (46 bytes).

415 unused section(s) (total 18901 bytes) removed from the image.

==============================================================================

Image Symbol Table

    Local Symbols

    Symbol Name                              Value     Ov Type        Size  Object(Section)

    RESET                                    0x00000000   Section      200  startup_ht32f520xx_01.o(RESET)
    ../clib/microlib/division.c              0x00000000   Number         0  uldiv.o ABSOLUTE
    ../clib/microlib/division.c              0x00000000   Number         0  uidiv.o ABSOLUTE
    ../clib/microlib/init/entry.s            0x00000000   Number         0  entry10a.o ABSOLUTE
    ../clib/microlib/init/entry.s            0x00000000   Number         0  entry10b.o ABSOLUTE
    ../clib/microlib/init/entry.s            0x00000000   Number         0  entry9b.o ABSOLUTE
    ../clib/microlib/init/entry.s            0x00000000   Number         0  entry2.o ABSOLUTE
    ../clib/microlib/init/entry.s            0x00000000   Number         0  entry.o ABSOLUTE
    ../clib/microlib/init/entry.s            0x00000000   Number         0  entry11b.o ABSOLUTE
    ../clib/microlib/init/entry.s            0x00000000   Number         0  entry9a.o ABSOLUTE
    ../clib/microlib/init/entry.s            0x00000000   Number         0  entry8b.o ABSOLUTE
    ../clib/microlib/init/entry.s            0x00000000   Number         0  entry8a.o ABSOLUTE
    ../clib/microlib/init/entry.s            0x00000000   Number         0  entry7b.o ABSOLUTE
    ../clib/microlib/init/entry.s            0x00000000   Number         0  entry7a.o ABSOLUTE
    ../clib/microlib/init/entry.s            0x00000000   Number         0  entry5.o ABSOLUTE
    ../clib/microlib/init/entry.s            0x00000000   Number         0  entry11a.o ABSOLUTE
    ../clib/microlib/longlong.c              0x00000000   Number         0  llsshr.o ABSOLUTE
    ../clib/microlib/longlong.c              0x00000000   Number         0  llushr.o ABSOLUTE
    ../clib/microlib/longlong.c              0x00000000   Number         0  llshl.o ABSOLUTE
    ../clib/microlib/printf/printf.c         0x00000000   Number         0  printf4.o ABSOLUTE
    ../clib/microlib/printf/printf.c         0x00000000   Number         0  printf3.o ABSOLUTE
    ../clib/microlib/printf/printf.c         0x00000000   Number         0  printf6.o ABSOLUTE
    ../clib/microlib/printf/printf.c         0x00000000   Number         0  printfb.o ABSOLUTE
    ../clib/microlib/printf/printf.c         0x00000000   Number         0  printf0.o ABSOLUTE
    ../clib/microlib/printf/printf.c         0x00000000   Number         0  printf1.o ABSOLUTE
    ../clib/microlib/printf/printf.c         0x00000000   Number         0  printf2.o ABSOLUTE
    ../clib/microlib/printf/printf.c         0x00000000   Number         0  printf7.o ABSOLUTE
    ../clib/microlib/printf/printf.c         0x00000000   Number         0  printf8.o ABSOLUTE
    ../clib/microlib/printf/printf.c         0x00000000   Number         0  printf5.o ABSOLUTE
    ../clib/microlib/printf/printf.c         0x00000000   Number         0  printfa.o ABSOLUTE
    ../clib/microlib/printf/stubs.s          0x00000000   Number         0  stubs.o ABSOLUTE
    ../clib/microlib/stubs.s                 0x00000000   Number         0  useno.o ABSOLUTE
    ../clib/microlib/stubs.s                 0x00000000   Number         0  iusefp.o ABSOLUTE
    ../fplib/microlib/fpadd.c                0x00000000   Number         0  dadd.o ABSOLUTE
    ../fplib/microlib/fpdiv.c                0x00000000   Number         0  ddiv.o ABSOLUTE
    ../fplib/microlib/fpepilogue.c           0x00000000   Number         0  depilogue.o ABSOLUTE
    ../fplib/microlib/fpfix.c                0x00000000   Number         0  dfixul.o ABSOLUTE
    ../fplib/microlib/fpmul.c                0x00000000   Number         0  dmul.o ABSOLUTE
    ..\MDK_ARM\ht32_op.s                     0x00000000   Number         0  ht32_op.o ABSOLUTE
    ..\\ht32f520xx_01_it.c                   0x00000000   Number         0  ht32f520xx_01_it.o ABSOLUTE
    ..\\library\\HT32F520xx_Driver\\src\\ht32_cm0plus_misc.c 0x00000000   Number         0  ht32_cm0plus_misc.o ABSOLUTE
    ..\\library\\HT32F520xx_Driver\\src\\ht32_retarget.c 0x00000000   Number         0  ht32_retarget.o ABSOLUTE
    ..\\library\\HT32F520xx_Driver\\src\\ht32_serial.c 0x00000000   Number         0  ht32_serial.o ABSOLUTE
    ..\\library\\HT32F520xx_Driver\\src\\ht32f520xx_adc.c 0x00000000   Number         0  ht32f520xx_adc.o ABSOLUTE
    ..\\library\\HT32F520xx_Driver\\src\\ht32f520xx_bftm.c 0x00000000   Number         0  ht32f520xx_bftm.o ABSOLUTE
    ..\\library\\HT32F520xx_Driver\\src\\ht32f520xx_ckcu.c 0x00000000   Number         0  ht32f520xx_ckcu.o ABSOLUTE
    ..\\library\\HT32F520xx_Driver\\src\\ht32f520xx_crc.c 0x00000000   Number         0  ht32f520xx_crc.o ABSOLUTE
    ..\\library\\HT32F520xx_Driver\\src\\ht32f520xx_exti.c 0x00000000   Number         0  ht32f520xx_exti.o ABSOLUTE
    ..\\library\\HT32F520xx_Driver\\src\\ht32f520xx_flash.c 0x00000000   Number         0  ht32f520xx_flash.o ABSOLUTE
    ..\\library\\HT32F520xx_Driver\\src\\ht32f520xx_gpio.c 0x00000000   Number         0  ht32f520xx_gpio.o ABSOLUTE
    ..\\library\\HT32F520xx_Driver\\src\\ht32f520xx_i2c.c 0x00000000   Number         0  ht32f520xx_i2c.o ABSOLUTE
    ..\\library\\HT32F520xx_Driver\\src\\ht32f520xx_mctm.c 0x00000000   Number         0  ht32f520xx_mctm.o ABSOLUTE
    ..\\library\\HT32F520xx_Driver\\src\\ht32f520xx_pwrcu.c 0x00000000   Number         0  ht32f520xx_pwrcu.o ABSOLUTE
    ..\\library\\HT32F520xx_Driver\\src\\ht32f520xx_rstcu.c 0x00000000   Number         0  ht32f520xx_rstcu.o ABSOLUTE
    ..\\library\\HT32F520xx_Driver\\src\\ht32f520xx_rtc.c 0x00000000   Number         0  ht32f520xx_rtc.o ABSOLUTE
    ..\\library\\HT32F520xx_Driver\\src\\ht32f520xx_spi.c 0x00000000   Number         0  ht32f520xx_spi.o ABSOLUTE
    ..\\library\\HT32F520xx_Driver\\src\\ht32f520xx_tm.c 0x00000000   Number         0  ht32f520xx_tm.o ABSOLUTE
    ..\\library\\HT32F520xx_Driver\\src\\ht32f520xx_usart.c 0x00000000   Number         0  ht32f520xx_usart.o ABSOLUTE
    ..\\library\\HT32F520xx_Driver\\src\\ht32f520xx_wdt.c 0x00000000   Number         0  ht32f520xx_wdt.o ABSOLUTE
    ..\\main.c                               0x00000000   Number         0  main.o ABSOLUTE
    ..\\system_ht32f520xx_02.c               0x00000000   Number         0  system_ht32f520xx_02.o ABSOLUTE
    ..\\utilities\\common\\i2c_eeprom.c      0x00000000   Number         0  i2c_eeprom.o ABSOLUTE
    ..\\utilities\\common\\spi_flash.c       0x00000000   Number         0  spi_flash.o ABSOLUTE
    ..\\utilities\\common\\spi_lcd.c         0x00000000   Number         0  spi_lcd.o ABSOLUTE
    ..\\utilities\\ht32_board.c              0x00000000   Number         0  ht32_board.o ABSOLUTE
    ..\ht32f520xx_01_it.c                    0x00000000   Number         0  ht32f520xx_01_it.o ABSOLUTE
    ..\library\HT32F520xx_Driver\src\ht32_cm0plus_misc.c 0x00000000   Number         0  ht32_cm0plus_misc.o ABSOLUTE
    ..\library\HT32F520xx_Driver\src\ht32_retarget.c 0x00000000   Number         0  ht32_retarget.o ABSOLUTE
    ..\library\HT32F520xx_Driver\src\ht32_serial.c 0x00000000   Number         0  ht32_serial.o ABSOLUTE
    ..\library\HT32F520xx_Driver\src\ht32f520xx_adc.c 0x00000000   Number         0  ht32f520xx_adc.o ABSOLUTE
    ..\library\HT32F520xx_Driver\src\ht32f520xx_bftm.c 0x00000000   Number         0  ht32f520xx_bftm.o ABSOLUTE
    ..\library\HT32F520xx_Driver\src\ht32f520xx_ckcu.c 0x00000000   Number         0  ht32f520xx_ckcu.o ABSOLUTE
    ..\library\HT32F520xx_Driver\src\ht32f520xx_crc.c 0x00000000   Number         0  ht32f520xx_crc.o ABSOLUTE
    ..\library\HT32F520xx_Driver\src\ht32f520xx_exti.c 0x00000000   Number         0  ht32f520xx_exti.o ABSOLUTE
    ..\library\HT32F520xx_Driver\src\ht32f520xx_flash.c 0x00000000   Number         0  ht32f520xx_flash.o ABSOLUTE
    ..\library\HT32F520xx_Driver\src\ht32f520xx_gpio.c 0x00000000   Number         0  ht32f520xx_gpio.o ABSOLUTE
    ..\library\HT32F520xx_Driver\src\ht32f520xx_i2c.c 0x00000000   Number         0  ht32f520xx_i2c.o ABSOLUTE
    ..\library\HT32F520xx_Driver\src\ht32f520xx_mctm.c 0x00000000   Number         0  ht32f520xx_mctm.o ABSOLUTE
    ..\library\HT32F520xx_Driver\src\ht32f520xx_pwrcu.c 0x00000000   Number         0  ht32f520xx_pwrcu.o ABSOLUTE
    ..\library\HT32F520xx_Driver\src\ht32f520xx_rstcu.c 0x00000000   Number         0  ht32f520xx_rstcu.o ABSOLUTE
    ..\library\HT32F520xx_Driver\src\ht32f520xx_rtc.c 0x00000000   Number         0  ht32f520xx_rtc.o ABSOLUTE
    ..\library\HT32F520xx_Driver\src\ht32f520xx_spi.c 0x00000000   Number         0  ht32f520xx_spi.o ABSOLUTE
    ..\library\HT32F520xx_Driver\src\ht32f520xx_tm.c 0x00000000   Number         0  ht32f520xx_tm.o ABSOLUTE
    ..\library\HT32F520xx_Driver\src\ht32f520xx_usart.c 0x00000000   Number         0  ht32f520xx_usart.o ABSOLUTE
    ..\library\HT32F520xx_Driver\src\ht32f520xx_wdt.c 0x00000000   Number         0  ht32f520xx_wdt.o ABSOLUTE
    ..\main.c                                0x00000000   Number         0  main.o ABSOLUTE
    ..\system_ht32f520xx_02.c                0x00000000   Number         0  system_ht32f520xx_02.o ABSOLUTE
    ..\utilities\common\i2c_eeprom.c         0x00000000   Number         0  i2c_eeprom.o ABSOLUTE
    ..\utilities\common\spi_flash.c          0x00000000   Number         0  spi_flash.o ABSOLUTE
    ..\utilities\common\spi_lcd.c            0x00000000   Number         0  spi_lcd.o ABSOLUTE
    ..\utilities\ht32_board.c                0x00000000   Number         0  ht32_board.o ABSOLUTE
    cdrcmple.s                               0x00000000   Number         0  cdrcmple.o ABSOLUTE
    dc.s                                     0x00000000   Number         0  dc.o ABSOLUTE
    handlers.s                               0x00000000   Number         0  handlers.o ABSOLUTE
    init.s                                   0x00000000   Number         0  init.o ABSOLUTE
    startup_ht32f520xx_01.s                  0x00000000   Number         0  startup_ht32f520xx_01.o ABSOLUTE
    .ARM.Collect$$$$00000000                 0x000000c8   Section        0  entry.o(.ARM.Collect$$$$00000000)
    .ARM.Collect$$$$00000001                 0x000000c8   Section        4  entry2.o(.ARM.Collect$$$$00000001)
    .ARM.Collect$$$$00000004                 0x000000cc   Section        4  entry5.o(.ARM.Collect$$$$00000004)
    .ARM.Collect$$$$00000008                 0x000000d0   Section        0  entry7b.o(.ARM.Collect$$$$00000008)
    .ARM.Collect$$$$0000000A                 0x000000d0   Section        0  entry8b.o(.ARM.Collect$$$$0000000A)
    .ARM.Collect$$$$0000000B                 0x000000d0   Section        8  entry9a.o(.ARM.Collect$$$$0000000B)
    .ARM.Collect$$$$0000000D                 0x000000d8   Section        0  entry10a.o(.ARM.Collect$$$$0000000D)
    .ARM.Collect$$$$0000000F                 0x000000d8   Section        0  entry11a.o(.ARM.Collect$$$$0000000F)
    .ARM.Collect$$$$00002712                 0x000000d8   Section        4  entry2.o(.ARM.Collect$$$$00002712)
    __lit__00000000                          0x000000d8   Data           4  entry2.o(.ARM.Collect$$$$00002712)
    .text                                    0x000000dc   Section        0  uidiv.o(.text)
    .text                                    0x00000108   Section        0  uldiv.o(.text)
    .text                                    0x00000168   Section       36  init.o(.text)
    .text                                    0x0000018c   Section        0  llshl.o(.text)
    .text                                    0x000001ac   Section        0  llushr.o(.text)
    i.AFIO_GPxConfig                         0x000001d0   Section        0  ht32f520xx_gpio.o(i.AFIO_GPxConfig)
    i.BFTM_ClearFlag                         0x00000228   Section        0  ht32f520xx_bftm.o(i.BFTM_ClearFlag)
    i.BFTM_Configuration                     0x00000238   Section        0  main.o(i.BFTM_Configuration)
    i.BFTM_EnaCmd                            0x00000278   Section        0  ht32f520xx_bftm.o(i.BFTM_EnaCmd)
    i.BFTM_GetFlagStatus                     0x0000028a   Section        0  ht32f520xx_bftm.o(i.BFTM_GetFlagStatus)
    i.BFTM_IntConfig                         0x00000294   Section        0  ht32f520xx_bftm.o(i.BFTM_IntConfig)
    i.BFTM_OneShotModeCmd                    0x000002a8   Section        0  ht32f520xx_bftm.o(i.BFTM_OneShotModeCmd)
    i.BFTM_SetCompare                        0x000002ba   Section        0  ht32f520xx_bftm.o(i.BFTM_SetCompare)
    i.BFTM_SetCounter                        0x000002be   Section        0  ht32f520xx_bftm.o(i.BFTM_SetCounter)
    i.CKCU_Configuration                     0x000002c4   Section        0  main.o(i.CKCU_Configuration)
    i.CKCU_GetClocksFrequency                0x000002dc   Section        0  ht32f520xx_ckcu.o(i.CKCU_GetClocksFrequency)
    i.CKCU_GetPLLFrequency                   0x00000350   Section        0  ht32f520xx_ckcu.o(i.CKCU_GetPLLFrequency)
    i.CKCU_GetPeripFrequency                 0x00000390   Section        0  ht32f520xx_ckcu.o(i.CKCU_GetPeripFrequency)
    i.CKCU_PeripClockConfig                  0x000003c4   Section        0  ht32f520xx_ckcu.o(i.CKCU_PeripClockConfig)
    i.HT32F_DVB_COMInit                      0x000003ec   Section        0  ht32_board.o(i.HT32F_DVB_COMInit)
    i.HardFault_Handler                      0x0000043c   Section        0  ht32f520xx_01_it.o(i.HardFault_Handler)
    i.I2C_AckCmd                             0x0000043e   Section        0  ht32f520xx_i2c.o(i.I2C_AckCmd)
    i.I2C_CheckStatus                        0x00000452   Section        0  ht32f520xx_i2c.o(i.I2C_CheckStatus)
    i.I2C_ClearFlag                          0x00000460   Section        0  ht32f520xx_i2c.o(i.I2C_ClearFlag)
    i.I2C_Cmd                                0x00000464   Section        0  ht32f520xx_i2c.o(i.I2C_Cmd)
    i.I2C_EEPROM_BufferRead                  0x00000478   Section        0  i2c_eeprom.o(i.I2C_EEPROM_BufferRead)
    i.I2C_EEPROM_Init                        0x0000052c   Section        0  i2c_eeprom.o(i.I2C_EEPROM_Init)
    i.I2C_GenerateSTOP                       0x0000057c   Section        0  ht32f520xx_i2c.o(i.I2C_GenerateSTOP)
    i.I2C_GetFlagStatus                      0x00000586   Section        0  ht32f520xx_i2c.o(i.I2C_GetFlagStatus)
    i.I2C_Init                               0x00000590   Section        0  ht32f520xx_i2c.o(i.I2C_Init)
    i.I2C_ReceiveData                        0x0000061c   Section        0  ht32f520xx_i2c.o(i.I2C_ReceiveData)
    i.I2C_SendData                           0x00000622   Section        0  ht32f520xx_i2c.o(i.I2C_SendData)
    i.I2C_TargetAddressConfig                0x00000626   Section        0  ht32f520xx_i2c.o(i.I2C_TargetAddressConfig)
    i.NMI_Handler                            0x0000063a   Section        0  ht32f520xx_01_it.o(i.NMI_Handler)
    i.PendSV_Handler                         0x0000063c   Section        0  ht32f520xx_01_it.o(i.PendSV_Handler)
    i.RETARGET_Configuration                 0x0000063e   Section        0  ht32_retarget.o(i.RETARGET_Configuration)
    i.SERIAL_PutChar                         0x0000065c   Section        0  ht32_serial.o(i.SERIAL_PutChar)
    i.SVC_Handler                            0x00000670   Section        0  ht32f520xx_01_it.o(i.SVC_Handler)
    i.SysTick_Handler                        0x00000672   Section        0  ht32f520xx_01_it.o(i.SysTick_Handler)
    i.SystemInit                             0x00000674   Section        0  system_ht32f520xx_02.o(i.SystemInit)
    i.UART1_IRQHandler                       0x00000710   Section        0  ht32f520xx_01_it.o(i.UART1_IRQHandler)
    i.USART_GetFlagStatus                    0x00000894   Section        0  ht32f520xx_usart.o(i.USART_GetFlagStatus)
    i.USART_Init                             0x000008a0   Section        0  ht32f520xx_usart.o(i.USART_Init)
    i.USART_IntConfig                        0x000008f8   Section        0  ht32f520xx_usart.o(i.USART_IntConfig)
    i.USART_ReceiveData                      0x00000908   Section        0  ht32f520xx_usart.o(i.USART_ReceiveData)
    i.USART_TXRXTLConfig                     0x0000090e   Section        0  ht32f520xx_usart.o(i.USART_TXRXTLConfig)
    i.USART_TxRxCmd                          0x00000922   Section        0  ht32f520xx_usart.o(i.USART_TxRxCmd)
    i._I2C_EEPROM_AckPolling                 0x00000938   Section        0  i2c_eeprom.o(i._I2C_EEPROM_AckPolling)
    i.__0printf$8                            0x00000974   Section        0  printf8.o(i.__0printf$8)
    i.__ARM_common_switch8                   0x00000994   Section        0  ht32f520xx_ckcu.o(i.__ARM_common_switch8)
    i.__scatterload_copy                     0x000009ae   Section       14  handlers.o(i.__scatterload_copy)
    i.__scatterload_null                     0x000009bc   Section        2  handlers.o(i.__scatterload_null)
    i.__scatterload_zeroinit                 0x000009be   Section       14  handlers.o(i.__scatterload_zeroinit)
    i._printf_core                           0x000009cc   Section        0  printf8.o(i._printf_core)
    _printf_core                             0x000009cd   Thumb Code  1020  printf8.o(i._printf_core)
    i._printf_post_padding                   0x00000df4   Section        0  printf8.o(i._printf_post_padding)
    _printf_post_padding                     0x00000df5   Thumb Code    32  printf8.o(i._printf_post_padding)
    i._printf_pre_padding                    0x00000e14   Section        0  printf8.o(i._printf_pre_padding)
    _printf_pre_padding                      0x00000e15   Thumb Code    44  printf8.o(i._printf_pre_padding)
    i.fputc                                  0x00000e40   Section        0  ht32_retarget.o(i.fputc)
    i.main                                   0x00000e48   Section        0  main.o(i.main)
    i.print_EEROM_data                       0x00000ffc   Section        0  main.o(i.print_EEROM_data)
    .constdata                               0x0000103c   Section       60  ht32_board.o(.constdata)
    .conststring                             0x00001078   Section      206  main.o(.conststring)
    .data                                    0x20000000   Section       20  main.o(.data)
    .data                                    0x20000014   Section        2  ht32f520xx_01_it.o(.data)
    pageTableByteCnt                         0x20000014   Data           1  ht32f520xx_01_it.o(.data)
    serial_eerom_RWF                         0x20000015   Data           1  ht32f520xx_01_it.o(.data)
    .data                                    0x20000018   Section        4  system_ht32f520xx_02.o(.data)
    .data                                    0x2000001c   Section        4  ht32_retarget.o(.data)
    .bss                                     0x20000020   Section     2050  main.o(.bss)
    STACK                                    0x20000828   Section      512  startup_ht32f520xx_01.o(STACK)

    Global Symbols

    Symbol Name                              Value     Ov Type        Size  Object(Section)

    BuildAttributes$$THM_ISAv3M$S$PE$A:L22$X:L11$S22$IEEE1$IW$USESV6$~STKCKD$USESV7$~SHL$OSPACE$ROPI$EBA8$MICROLIB$REQ8$PRES8$EABIv2 0x00000000   Number         0  anon$$obj.o ABSOLUTE
    __ARM_use_no_argv                        0x00000000   Number         0  main.o ABSOLUTE
    __Vectors                                0x00000000   Data           0  startup_ht32f520xx_01.o(RESET)
    __use_no_errno                           0x00000000   Number         0  useno.o ABSOLUTE
    __use_no_exception_handling              0x00000000   Number         0  useno.o ABSOLUTE
    __use_no_fp                              0x00000000   Number         0  useno.o ABSOLUTE
    __use_no_heap                            0x00000000   Number         0  useno.o ABSOLUTE
    __use_no_heap_region                     0x00000000   Number         0  useno.o ABSOLUTE
    __use_no_semihosting                     0x00000000   Number         0  useno.o ABSOLUTE
    __use_no_semihosting_swi                 0x00000000   Number         0  useno.o ABSOLUTE
    __use_no_signal_handling                 0x00000000   Number         0  useno.o ABSOLUTE
    _printf_a                                0x00000000   Number         0  stubs.o ABSOLUTE
    _printf_c                                0x00000000   Number         0  stubs.o ABSOLUTE
    _printf_charcount                        0x00000000   Number         0  stubs.o ABSOLUTE
    _printf_d                                0x00000000   Number         0  stubs.o ABSOLUTE
    _printf_e                                0x00000000   Number         0  stubs.o ABSOLUTE
    _printf_f                                0x00000000   Number         0  stubs.o ABSOLUTE
    _printf_flags                            0x00000000   Number         0  stubs.o ABSOLUTE
    _printf_fp_dec                           0x00000000   Number         0  stubs.o ABSOLUTE
    _printf_fp_hex                           0x00000000   Number         0  stubs.o ABSOLUTE
    _printf_g                                0x00000000   Number         0  stubs.o ABSOLUTE
    _printf_i                                0x00000000   Number         0  stubs.o ABSOLUTE
    _printf_int_dec                          0x00000000   Number         0  stubs.o ABSOLUTE
    _printf_l                                0x00000000   Number         0  stubs.o ABSOLUTE
    _printf_lc                               0x00000000   Number         0  stubs.o ABSOLUTE
    _printf_ll                               0x00000000   Number         0  stubs.o ABSOLUTE
    _printf_lld                              0x00000000   Number         0  stubs.o ABSOLUTE
    _printf_lli                              0x00000000   Number         0  stubs.o ABSOLUTE
    _printf_llo                              0x00000000   Number         0  stubs.o ABSOLUTE
    _printf_llu                              0x00000000   Number         0  stubs.o ABSOLUTE
    _printf_llx                              0x00000000   Number         0  stubs.o ABSOLUTE
    _printf_longlong_dec                     0x00000000   Number         0  stubs.o ABSOLUTE
    _printf_longlong_hex                     0x00000000   Number         0  stubs.o ABSOLUTE
    _printf_longlong_oct                     0x00000000   Number         0  stubs.o ABSOLUTE
    _printf_ls                               0x00000000   Number         0  stubs.o ABSOLUTE
    _printf_mbtowc                           0x00000000   Number         0  stubs.o ABSOLUTE
    _printf_n                                0x00000000   Number         0  stubs.o ABSOLUTE
    _printf_o                                0x00000000   Number         0  stubs.o ABSOLUTE
    _printf_p                                0x00000000   Number         0  stubs.o ABSOLUTE
    _printf_percent                          0x00000000   Number         0  stubs.o ABSOLUTE
    _printf_pre_padding                      0x00000000   Number         0  stubs.o ABSOLUTE
    _printf_return_value                     0x00000000   Number         0  stubs.o ABSOLUTE
    _printf_s                                0x00000000   Number         0  stubs.o ABSOLUTE
    _printf_sizespec                         0x00000000   Number         0  stubs.o ABSOLUTE
    _printf_str                              0x00000000   Number         0  stubs.o ABSOLUTE
    _printf_truncate_signed                  0x00000000   Number         0  stubs.o ABSOLUTE
    _printf_truncate_unsigned                0x00000000   Number         0  stubs.o ABSOLUTE
    _printf_u                                0x00000000   Number         0  stubs.o ABSOLUTE
    _printf_wc                               0x00000000   Number         0  stubs.o ABSOLUTE
    _printf_wctomb                           0x00000000   Number         0  stubs.o ABSOLUTE
    _printf_widthprec                        0x00000000   Number         0  stubs.o ABSOLUTE
    _printf_x                                0x00000000   Number         0  stubs.o ABSOLUTE
    __cpp_initialize__aeabi_                  - Undefined Weak Reference
    __cxa_finalize                            - Undefined Weak Reference
    __decompress                              - Undefined Weak Reference
    _clock_init                               - Undefined Weak Reference
    _microlib_exit                            - Undefined Weak Reference
    Reset_Handler                            0x000000ad   Thumb Code     8  startup_ht32f520xx_01.o(RESET)
    ADC_IRQHandler                           0x000000bf   Thumb Code     0  startup_ht32f520xx_01.o(RESET)
    BFTM0_IRQHandler                         0x000000bf   Thumb Code     0  startup_ht32f520xx_01.o(RESET)
    BFTM1_IRQHandler                         0x000000bf   Thumb Code     0  startup_ht32f520xx_01.o(RESET)
    COMP_IRQHandler                          0x000000bf   Thumb Code     0  startup_ht32f520xx_01.o(RESET)
    EVWUP_IRQHandler                         0x000000bf   Thumb Code     0  startup_ht32f520xx_01.o(RESET)
    EXTI0_1_IRQHandler                       0x000000bf   Thumb Code     0  startup_ht32f520xx_01.o(RESET)
    EXTI2_3_IRQHandler                       0x000000bf   Thumb Code     0  startup_ht32f520xx_01.o(RESET)
    EXTI4_15_IRQHandler                      0x000000bf   Thumb Code     0  startup_ht32f520xx_01.o(RESET)
    FLASH_IRQHandler                         0x000000bf   Thumb Code     0  startup_ht32f520xx_01.o(RESET)
    GPTM0_IRQHandler                         0x000000bf   Thumb Code     0  startup_ht32f520xx_01.o(RESET)
    GPTM1_IRQHandler                         0x000000bf   Thumb Code     0  startup_ht32f520xx_01.o(RESET)
    I2C0_IRQHandler                          0x000000bf   Thumb Code     0  startup_ht32f520xx_01.o(RESET)
    I2C1_IRQHandler                          0x000000bf   Thumb Code     0  startup_ht32f520xx_01.o(RESET)
    I2S_IRQHandler                           0x000000bf   Thumb Code     0  startup_ht32f520xx_01.o(RESET)
    LVD_BOD_IRQHandler                       0x000000bf   Thumb Code     0  startup_ht32f520xx_01.o(RESET)
    MCTM0_IRQHandler                         0x000000bf   Thumb Code     0  startup_ht32f520xx_01.o(RESET)
    PDMA_CH0_1_IRQHandler                    0x000000bf   Thumb Code     0  startup_ht32f520xx_01.o(RESET)
    PDMA_CH2_5_IRQHandler                    0x000000bf   Thumb Code     0  startup_ht32f520xx_01.o(RESET)
    RTC_IRQHandler                           0x000000bf   Thumb Code     0  startup_ht32f520xx_01.o(RESET)
    SCI_IRQHandler                           0x000000bf   Thumb Code     0  startup_ht32f520xx_01.o(RESET)
    SCTM0_IRQHandler                         0x000000bf   Thumb Code     0  startup_ht32f520xx_01.o(RESET)
    SCTM1_IRQHandler                         0x000000bf   Thumb Code     0  startup_ht32f520xx_01.o(RESET)
    SCTM2_IRQHandler                         0x000000bf   Thumb Code     0  startup_ht32f520xx_01.o(RESET)
    SCTM3_IRQHandler                         0x000000bf   Thumb Code     0  startup_ht32f520xx_01.o(RESET)
    SPI0_IRQHandler                          0x000000bf   Thumb Code     0  startup_ht32f520xx_01.o(RESET)
    SPI1_IRQHandler                          0x000000bf   Thumb Code     0  startup_ht32f520xx_01.o(RESET)
    UART0_IRQHandler                         0x000000bf   Thumb Code     0  startup_ht32f520xx_01.o(RESET)
    USART0_IRQHandler                        0x000000bf   Thumb Code     0  startup_ht32f520xx_01.o(RESET)
    USART1_IRQHandler                        0x000000bf   Thumb Code     0  startup_ht32f520xx_01.o(RESET)
    USB_IRQHandler                           0x000000bf   Thumb Code     0  startup_ht32f520xx_01.o(RESET)
    __main                                   0x000000c9   Thumb Code     0  entry.o(.ARM.Collect$$$$00000000)
    _main_stk                                0x000000c9   Thumb Code     0  entry2.o(.ARM.Collect$$$$00000001)
    _main_scatterload                        0x000000cd   Thumb Code     0  entry5.o(.ARM.Collect$$$$00000004)
    __main_after_scatterload                 0x000000d1   Thumb Code     0  entry5.o(.ARM.Collect$$$$00000004)
    _main_clock                              0x000000d1   Thumb Code     0  entry7b.o(.ARM.Collect$$$$00000008)
    _main_cpp_init                           0x000000d1   Thumb Code     0  entry8b.o(.ARM.Collect$$$$0000000A)
    _main_init                               0x000000d1   Thumb Code     0  entry9a.o(.ARM.Collect$$$$0000000B)
    __rt_final_cpp                           0x000000d9   Thumb Code     0  entry10a.o(.ARM.Collect$$$$0000000D)
    __rt_final_exit                          0x000000d9   Thumb Code     0  entry11a.o(.ARM.Collect$$$$0000000F)
    __aeabi_uidiv                            0x000000dd   Thumb Code     0  uidiv.o(.text)
    __aeabi_uidivmod                         0x000000dd   Thumb Code    44  uidiv.o(.text)
    __aeabi_uldivmod                         0x00000109   Thumb Code    96  uldiv.o(.text)
    __scatterload                            0x00000169   Thumb Code    28  init.o(.text)
    __scatterload_rt2                        0x00000169   Thumb Code     0  init.o(.text)
    __aeabi_llsl                             0x0000018d   Thumb Code    32  llshl.o(.text)
    _ll_shift_l                              0x0000018d   Thumb Code     0  llshl.o(.text)
    __aeabi_llsr                             0x000001ad   Thumb Code    34  llushr.o(.text)
    _ll_ushift_r                             0x000001ad   Thumb Code     0  llushr.o(.text)
    AFIO_GPxConfig                           0x000001d1   Thumb Code    82  ht32f520xx_gpio.o(i.AFIO_GPxConfig)
    BFTM_ClearFlag                           0x00000229   Thumb Code    14  ht32f520xx_bftm.o(i.BFTM_ClearFlag)
    BFTM_Configuration                       0x00000239   Thumb Code    56  main.o(i.BFTM_Configuration)
    BFTM_EnaCmd                              0x00000279   Thumb Code    18  ht32f520xx_bftm.o(i.BFTM_EnaCmd)
    BFTM_GetFlagStatus                       0x0000028b   Thumb Code    10  ht32f520xx_bftm.o(i.BFTM_GetFlagStatus)
    BFTM_IntConfig                           0x00000295   Thumb Code    20  ht32f520xx_bftm.o(i.BFTM_IntConfig)
    BFTM_OneShotModeCmd                      0x000002a9   Thumb Code    18  ht32f520xx_bftm.o(i.BFTM_OneShotModeCmd)
    BFTM_SetCompare                          0x000002bb   Thumb Code     4  ht32f520xx_bftm.o(i.BFTM_SetCompare)
    BFTM_SetCounter                          0x000002bf   Thumb Code     4  ht32f520xx_bftm.o(i.BFTM_SetCounter)
    CKCU_Configuration                       0x000002c5   Thumb Code    18  main.o(i.CKCU_Configuration)
    CKCU_GetClocksFrequency                  0x000002dd   Thumb Code   108  ht32f520xx_ckcu.o(i.CKCU_GetClocksFrequency)
    CKCU_GetPLLFrequency                     0x00000351   Thumb Code    54  ht32f520xx_ckcu.o(i.CKCU_GetPLLFrequency)
    CKCU_GetPeripFrequency                   0x00000391   Thumb Code    48  ht32f520xx_ckcu.o(i.CKCU_GetPeripFrequency)
    CKCU_PeripClockConfig                    0x000003c5   Thumb Code    34  ht32f520xx_ckcu.o(i.CKCU_PeripClockConfig)
    HT32F_DVB_COMInit                        0x000003ed   Thumb Code    74  ht32_board.o(i.HT32F_DVB_COMInit)
    HardFault_Handler                        0x0000043d   Thumb Code     2  ht32f520xx_01_it.o(i.HardFault_Handler)
    I2C_AckCmd                               0x0000043f   Thumb Code    20  ht32f520xx_i2c.o(i.I2C_AckCmd)
    I2C_CheckStatus                          0x00000453   Thumb Code    14  ht32f520xx_i2c.o(i.I2C_CheckStatus)
    I2C_ClearFlag                            0x00000461   Thumb Code     4  ht32f520xx_i2c.o(i.I2C_ClearFlag)
    I2C_Cmd                                  0x00000465   Thumb Code    18  ht32f520xx_i2c.o(i.I2C_Cmd)
    I2C_EEPROM_BufferRead                    0x00000479   Thumb Code   170  i2c_eeprom.o(i.I2C_EEPROM_BufferRead)
    I2C_EEPROM_Init                          0x0000052d   Thumb Code    66  i2c_eeprom.o(i.I2C_EEPROM_Init)
    I2C_GenerateSTOP                         0x0000057d   Thumb Code    10  ht32f520xx_i2c.o(i.I2C_GenerateSTOP)
    I2C_GetFlagStatus                        0x00000587   Thumb Code    10  ht32f520xx_i2c.o(i.I2C_GetFlagStatus)
    I2C_Init                                 0x00000591   Thumb Code   136  ht32f520xx_i2c.o(i.I2C_Init)
    I2C_ReceiveData                          0x0000061d   Thumb Code     6  ht32f520xx_i2c.o(i.I2C_ReceiveData)
    I2C_SendData                             0x00000623   Thumb Code     4  ht32f520xx_i2c.o(i.I2C_SendData)
    I2C_TargetAddressConfig                  0x00000627   Thumb Code    20  ht32f520xx_i2c.o(i.I2C_TargetAddressConfig)
    NMI_Handler                              0x0000063b   Thumb Code     2  ht32f520xx_01_it.o(i.NMI_Handler)
    PendSV_Handler                           0x0000063d   Thumb Code     2  ht32f520xx_01_it.o(i.PendSV_Handler)
    RETARGET_Configuration                   0x0000063f   Thumb Code    30  ht32_retarget.o(i.RETARGET_Configuration)
    SERIAL_PutChar                           0x0000065d   Thumb Code    14  ht32_serial.o(i.SERIAL_PutChar)
    SVC_Handler                              0x00000671   Thumb Code     2  ht32f520xx_01_it.o(i.SVC_Handler)
    SysTick_Handler                          0x00000673   Thumb Code     2  ht32f520xx_01_it.o(i.SysTick_Handler)
    SystemInit                               0x00000675   Thumb Code   132  system_ht32f520xx_02.o(i.SystemInit)
    UART1_IRQHandler                         0x00000711   Thumb Code   296  ht32f520xx_01_it.o(i.UART1_IRQHandler)
    USART_GetFlagStatus                      0x00000895   Thumb Code    10  ht32f520xx_usart.o(i.USART_GetFlagStatus)
    USART_Init                               0x000008a1   Thumb Code    74  ht32f520xx_usart.o(i.USART_Init)
    USART_IntConfig                          0x000008f9   Thumb Code    16  ht32f520xx_usart.o(i.USART_IntConfig)
    USART_ReceiveData                        0x00000909   Thumb Code     6  ht32f520xx_usart.o(i.USART_ReceiveData)
    USART_TXRXTLConfig                       0x0000090f   Thumb Code    20  ht32f520xx_usart.o(i.USART_TXRXTLConfig)
    USART_TxRxCmd                            0x00000923   Thumb Code    20  ht32f520xx_usart.o(i.USART_TxRxCmd)
    _I2C_EEPROM_AckPolling                   0x00000939   Thumb Code    56  i2c_eeprom.o(i._I2C_EEPROM_AckPolling)
    __0printf$8                              0x00000975   Thumb Code    24  printf8.o(i.__0printf$8)
    __1printf$8                              0x00000975   Thumb Code     0  printf8.o(i.__0printf$8)
    __2printf                                0x00000975   Thumb Code     0  printf8.o(i.__0printf$8)
    __ARM_common_switch8                     0x00000995   Thumb Code    26  ht32f520xx_ckcu.o(i.__ARM_common_switch8)
    __scatterload_copy                       0x000009af   Thumb Code    14  handlers.o(i.__scatterload_copy)
    __scatterload_null                       0x000009bd   Thumb Code     2  handlers.o(i.__scatterload_null)
    __scatterload_zeroinit                   0x000009bf   Thumb Code    14  handlers.o(i.__scatterload_zeroinit)
    fputc                                    0x00000e41   Thumb Code     8  ht32_retarget.o(i.fputc)
    main                                     0x00000e49   Thumb Code   266  main.o(i.main)
    print_EEROM_data                         0x00000ffd   Thumb Code    52  main.o(i.print_EEROM_data)
    LED_GPIO_ID                              0x0000103c   Data           3  ht32_board.o(.constdata)
    LED_AFIO_MODE                            0x0000103f   Data           3  ht32_board.o(.constdata)
    BUTTON_GPIO_ID                           0x00001042   Data           3  ht32_board.o(.constdata)
    BUTTON_AFIO_MODE                         0x00001045   Data           3  ht32_board.o(.constdata)
    BUTTON_EXTI_CH                           0x00001048   Data           3  ht32_board.o(.constdata)
    LED_GPIO_PIN                             0x0000104c   Data           6  ht32_board.o(.constdata)
    BUTTON_GPIO_PIN                          0x00001052   Data           6  ht32_board.o(.constdata)
    GPIO_PORT                                0x00001058   Data          16  ht32_board.o(.constdata)
    gCOMInfo                                 0x00001068   Data          16  ht32_board.o(.constdata)
    Region$$Table$$Base                      0x00001148   Number         0  anon$$obj.o(Region$$Table)
    Region$$Table$$Limit                     0x00001168   Number         0  anon$$obj.o(Region$$Table)
    serialHeadF                              0x20000000   Data           1  main.o(.data)
    serialHeadCnt                            0x20000001   Data           1  main.o(.data)
    serial_eerom_wBuffer_Cnt                 0x20000004   Data           4  main.o(.data)
    serial_eerom_wPage                       0x20000008   Data           4  main.o(.data)
    serial_eerom_rPageStart                  0x2000000c   Data           4  main.o(.data)
    serial_eerom_rPageEnd                    0x20000010   Data           4  main.o(.data)
    SystemCoreClock                          0x20000018   Data           4  system_ht32f520xx_02.o(.data)
    __stdout                                 0x2000001c   Data           4  ht32_retarget.o(.data)
    buffr                                    0x20000020   Data        1025  main.o(.bss)
    serial_eerom_wBuffer                     0x20000421   Data        1025  main.o(.bss)
    __initial_sp                             0x20000a28   Data           0  startup_ht32f520xx_01.o(STACK)



==============================================================================

Memory Map of the image

  Image Entry point : 0x000000ad

  Load Region LR_1 (Base: 0x00000000, Size: 0x00001188, Max: 0xffffffff, ABSOLUTE)

    Execution Region ER_RO (Exec base: 0x00000000, Load base: 0x00000000, Size: 0x00001168, Max: 0xffffffff, ABSOLUTE)

    Exec Addr    Load Addr    Size         Type   Attr      Idx    E Section Name        Object

    0x00000000   0x00000000   0x000000c8   Code   RO          263  * RESET               startup_ht32f520xx_01.o
    0x000000c8   0x000000c8   0x00000000   Code   RO         3006  * .ARM.Collect$$$$00000000  mc_p.l(entry.o)
    0x000000c8   0x000000c8   0x00000004   Code   RO         3272    .ARM.Collect$$$$00000001  mc_p.l(entry2.o)
    0x000000cc   0x000000cc   0x00000004   Code   RO         3275    .ARM.Collect$$$$00000004  mc_p.l(entry5.o)
    0x000000d0   0x000000d0   0x00000000   Code   RO         3277    .ARM.Collect$$$$00000008  mc_p.l(entry7b.o)
    0x000000d0   0x000000d0   0x00000000   Code   RO         3279    .ARM.Collect$$$$0000000A  mc_p.l(entry8b.o)
    0x000000d0   0x000000d0   0x00000008   Code   RO         3280    .ARM.Collect$$$$0000000B  mc_p.l(entry9a.o)
    0x000000d8   0x000000d8   0x00000000   Code   RO         3282    .ARM.Collect$$$$0000000D  mc_p.l(entry10a.o)
    0x000000d8   0x000000d8   0x00000000   Code   RO         3284    .ARM.Collect$$$$0000000F  mc_p.l(entry11a.o)
    0x000000d8   0x000000d8   0x00000004   Code   RO         3273    .ARM.Collect$$$$00002712  mc_p.l(entry2.o)
    0x000000dc   0x000000dc   0x0000002c   Code   RO         3009    .text               mc_p.l(uidiv.o)
    0x00000108   0x00000108   0x00000060   Code   RO         3286    .text               mc_p.l(uldiv.o)
    0x00000168   0x00000168   0x00000024   Code   RO         3299    .text               mc_p.l(init.o)
    0x0000018c   0x0000018c   0x00000020   Code   RO         3301    .text               mc_p.l(llshl.o)
    0x000001ac   0x000001ac   0x00000022   Code   RO         3303    .text               mc_p.l(llushr.o)
    0x000001ce   0x000001ce   0x00000002   PAD
    0x000001d0   0x000001d0   0x00000058   Code   RO          999    i.AFIO_GPxConfig    ht32f520xx_gpio.o
    0x00000228   0x00000228   0x0000000e   Code   RO          481    i.BFTM_ClearFlag    ht32f520xx_bftm.o
    0x00000236   0x00000236   0x00000002   PAD
    0x00000238   0x00000238   0x00000040   Code   RO            3    i.BFTM_Configuration  main.o
    0x00000278   0x00000278   0x00000012   Code   RO          483    i.BFTM_EnaCmd       ht32f520xx_bftm.o
    0x0000028a   0x0000028a   0x0000000a   Code   RO          486    i.BFTM_GetFlagStatus  ht32f520xx_bftm.o
    0x00000294   0x00000294   0x00000014   Code   RO          487    i.BFTM_IntConfig    ht32f520xx_bftm.o
    0x000002a8   0x000002a8   0x00000012   Code   RO          488    i.BFTM_OneShotModeCmd  ht32f520xx_bftm.o
    0x000002ba   0x000002ba   0x00000004   Code   RO          489    i.BFTM_SetCompare   ht32f520xx_bftm.o
    0x000002be   0x000002be   0x00000004   Code   RO          490    i.BFTM_SetCounter   ht32f520xx_bftm.o
    0x000002c2   0x000002c2   0x00000002   PAD
    0x000002c4   0x000002c4   0x00000018   Code   RO            4    i.CKCU_Configuration  main.o
    0x000002dc   0x000002dc   0x00000074   Code   RO          564    i.CKCU_GetClocksFrequency  ht32f520xx_ckcu.o
    0x00000350   0x00000350   0x00000040   Code   RO          566    i.CKCU_GetPLLFrequency  ht32f520xx_ckcu.o
    0x00000390   0x00000390   0x00000034   Code   RO          567    i.CKCU_GetPeripFrequency  ht32f520xx_ckcu.o
    0x000003c4   0x000003c4   0x00000028   Code   RO          582    i.CKCU_PeripClockConfig  ht32f520xx_ckcu.o
    0x000003ec   0x000003ec   0x00000050   Code   RO         2606    i.HT32F_DVB_COMInit  ht32_board.o
    0x0000043c   0x0000043c   0x00000002   Code   RO          172    i.HardFault_Handler  ht32f520xx_01_it.o
    0x0000043e   0x0000043e   0x00000014   Code   RO         1146    i.I2C_AckCmd        ht32f520xx_i2c.o
    0x00000452   0x00000452   0x0000000e   Code   RO         1148    i.I2C_CheckStatus   ht32f520xx_i2c.o
    0x00000460   0x00000460   0x00000004   Code   RO         1149    i.I2C_ClearFlag     ht32f520xx_i2c.o
    0x00000464   0x00000464   0x00000012   Code   RO         1150    i.I2C_Cmd           ht32f520xx_i2c.o
    0x00000476   0x00000476   0x00000002   PAD
    0x00000478   0x00000478   0x000000b4   Code   RO         2698    i.I2C_EEPROM_BufferRead  i2c_eeprom.o
    0x0000052c   0x0000052c   0x00000050   Code   RO         2700    i.I2C_EEPROM_Init   i2c_eeprom.o
    0x0000057c   0x0000057c   0x0000000a   Code   RO         1154    i.I2C_GenerateSTOP  ht32f520xx_i2c.o
    0x00000586   0x00000586   0x0000000a   Code   RO         1156    i.I2C_GetFlagStatus  ht32f520xx_i2c.o
    0x00000590   0x00000590   0x0000008c   Code   RO         1157    i.I2C_Init          ht32f520xx_i2c.o
    0x0000061c   0x0000061c   0x00000006   Code   RO         1160    i.I2C_ReceiveData   ht32f520xx_i2c.o
    0x00000622   0x00000622   0x00000004   Code   RO         1161    i.I2C_SendData      ht32f520xx_i2c.o
    0x00000626   0x00000626   0x00000014   Code   RO         1169    i.I2C_TargetAddressConfig  ht32f520xx_i2c.o
    0x0000063a   0x0000063a   0x00000002   Code   RO          173    i.NMI_Handler       ht32f520xx_01_it.o
    0x0000063c   0x0000063c   0x00000002   Code   RO          174    i.PendSV_Handler    ht32f520xx_01_it.o
    0x0000063e   0x0000063e   0x0000001e   Code   RO         2508    i.RETARGET_Configuration  ht32_retarget.o
    0x0000065c   0x0000065c   0x00000014   Code   RO         2574    i.SERIAL_PutChar    ht32_serial.o
    0x00000670   0x00000670   0x00000002   Code   RO          175    i.SVC_Handler       ht32f520xx_01_it.o
    0x00000672   0x00000672   0x00000002   Code   RO          176    i.SysTick_Handler   ht32f520xx_01_it.o
    0x00000674   0x00000674   0x0000009c   Code   RO          232    i.SystemInit        system_ht32f520xx_02.o
    0x00000710   0x00000710   0x00000184   Code   RO          177    i.UART1_IRQHandler  ht32f520xx_01_it.o
    0x00000894   0x00000894   0x0000000a   Code   RO         2215    i.USART_GetFlagStatus  ht32f520xx_usart.o
    0x0000089e   0x0000089e   0x00000002   PAD
    0x000008a0   0x000008a0   0x00000058   Code   RO         2217    i.USART_Init        ht32f520xx_usart.o
    0x000008f8   0x000008f8   0x00000010   Code   RO         2218    i.USART_IntConfig   ht32f520xx_usart.o
    0x00000908   0x00000908   0x00000006   Code   RO         2226    i.USART_ReceiveData  ht32f520xx_usart.o
    0x0000090e   0x0000090e   0x00000014   Code   RO         2237    i.USART_TXRXTLConfig  ht32f520xx_usart.o
    0x00000922   0x00000922   0x00000014   Code   RO         2238    i.USART_TxRxCmd     ht32f520xx_usart.o
    0x00000936   0x00000936   0x00000002   PAD
    0x00000938   0x00000938   0x0000003c   Code   RO         2702    i._I2C_EEPROM_AckPolling  i2c_eeprom.o
    0x00000974   0x00000974   0x00000020   Code   RO         3218    i.__0printf$8       mc_p.l(printf8.o)
    0x00000994   0x00000994   0x0000001a   Code   RO          755    i.__ARM_common_switch8  ht32f520xx_ckcu.o
    0x000009ae   0x000009ae   0x0000000e   Code   RO         3313    i.__scatterload_copy  mc_p.l(handlers.o)
    0x000009bc   0x000009bc   0x00000002   Code   RO         3314    i.__scatterload_null  mc_p.l(handlers.o)
    0x000009be   0x000009be   0x0000000e   Code   RO         3315    i.__scatterload_zeroinit  mc_p.l(handlers.o)
    0x000009cc   0x000009cc   0x00000428   Code   RO         3225    i._printf_core      mc_p.l(printf8.o)
    0x00000df4   0x00000df4   0x00000020   Code   RO         3226    i._printf_post_padding  mc_p.l(printf8.o)
    0x00000e14   0x00000e14   0x0000002c   Code   RO         3227    i._printf_pre_padding  mc_p.l(printf8.o)
    0x00000e40   0x00000e40   0x00000008   Code   RO         2513    i.fputc             ht32_retarget.o
    0x00000e48   0x00000e48   0x000001b4   Code   RO            5    i.main              main.o
    0x00000ffc   0x00000ffc   0x00000040   Code   RO            6    i.print_EEROM_data  main.o
    0x0000103c   0x0000103c   0x0000003c   Data   RO         2614    .constdata          ht32_board.o
    0x00001078   0x00001078   0x000000ce   Data   RO            9    .conststring        main.o
    0x00001146   0x00001146   0x00000002   PAD
    0x00001148   0x00001148   0x00000020   Data   RO         3311    Region$$Table       anon$$obj.o


    Execution Region ER_RW (Exec base: 0x20000000, Load base: 0x00001168, Size: 0x00000020, Max: 0xffffffff, ABSOLUTE)

    Exec Addr    Load Addr    Size         Type   Attr      Idx    E Section Name        Object

    0x20000000   0x00001168   0x00000014   Data   RW           10    .data               main.o
    0x20000014   0x0000117c   0x00000002   Data   RW          178    .data               ht32f520xx_01_it.o
    0x20000016   0x0000117e   0x00000002   PAD
    0x20000018   0x00001180   0x00000004   Data   RW          233    .data               system_ht32f520xx_02.o
    0x2000001c   0x00001184   0x00000004   Data   RW         2514    .data               ht32_retarget.o


    Execution Region ER_ZI (Exec base: 0x20000020, Load base: 0x00001188, Size: 0x00000a08, Max: 0xffffffff, ABSOLUTE)

    Exec Addr    Load Addr    Size         Type   Attr      Idx    E Section Name        Object

    0x20000020        -       0x00000802   Zero   RW            8    .bss                main.o
    0x20000822   0x00001188   0x00000006   PAD
    0x20000828        -       0x00000200   Zero   RW          261    STACK               startup_ht32f520xx_01.o


==============================================================================

Image component sizes


      Code (inc. data)   RO Data    RW Data    ZI Data      Debug   Object Name

        80          6         60          0          0       5882   ht32_board.o
        38          0          0          4          0       3043   ht32_retarget.o
        20          6          0          0          0        525   ht32_serial.o
       398         92          0          2          0       3633   ht32f520xx_01_it.o
        88          0          0          0          0       4243   ht32f520xx_bftm.o
       298         38          0          0          0      11488   ht32f520xx_ckcu.o
        88          6          0          0          0       5377   ht32f520xx_gpio.o
       246          4          0          0          0      13726   ht32f520xx_i2c.o
       160         14          0          0          0      11378   ht32f520xx_usart.o
       320         28          0          0          0       2223   i2c_eeprom.o
       588        196        206         20       2050      50523   main.o
       200        180          0          0        512        600   startup_ht32f520xx_01.o
       156         24          0          4          0       1727   system_ht32f520xx_02.o

    ----------------------------------------------------------------------
      2690        594        300         32       2568     114368   Object Totals
         0          0         32          0          0          0   (incl. Generated)
        10          0          2          2          6          0   (incl. Padding)

    ----------------------------------------------------------------------

      Code (inc. data)   RO Data    RW Data    ZI Data      Debug   Library Member Name

         0          0          0          0          0          0   entry.o
         0          0          0          0          0          0   entry10a.o
         0          0          0          0          0          0   entry11a.o
         8          4          0          0          0          0   entry2.o
         4          0          0          0          0          0   entry5.o
         0          0          0          0          0          0   entry7b.o
         0          0          0          0          0          0   entry8b.o
         8          4          0          0          0          0   entry9a.o
        30          0          0          0          0          0   handlers.o
        36          8          0          0          0         68   init.o
        32          0          0          0          0         68   llshl.o
        34          0          0          0          0         68   llushr.o
      1172         52          0          0          0        324   printf8.o
        44          0          0          0          0         72   uidiv.o
        96          0          0          0          0         84   uldiv.o

    ----------------------------------------------------------------------
      1466         68          0          0          0        684   Library Totals
         2          0          0          0          0          0   (incl. Padding)

    ----------------------------------------------------------------------

      Code (inc. data)   RO Data    RW Data    ZI Data      Debug   Library Name

      1464         68          0          0          0        684   mc_p.l

    ----------------------------------------------------------------------
      1466         68          0          0          0        684   Library Totals

    ----------------------------------------------------------------------

==============================================================================


      Code (inc. data)   RO Data    RW Data    ZI Data      Debug   

      4156        662        300         32       2568     113048   Grand Totals
      4156        662        300         32       2568     113048   ELF Image Totals
      4156        662        300         32          0          0   ROM Totals

==============================================================================

    Total RO  Size (Code + RO Data)                 4456 (   4.35kB)
    Total RW  Size (RW Data + ZI Data)              2600 (   2.54kB)
    Total ROM Size (Code + RO Data + RW Data)       4488 (   4.38kB)

==============================================================================

